../Core/Src/_Battery.c:18:6:batteryInit	16	static
../Core/Src/_Battery.c:51:6:_Battery_Reading_cellVoltage	16	static
../Core/Src/_Battery.c:67:6:_Battery_Reading_chargerVoltage	8	static
../Core/Src/_Battery.c:78:6:_Battery_Reading_batVoltage	0	static
../Core/Src/_Battery.c:90:6:_Battery_Reading_batCurrent	8	static
../Core/Src/_Battery.c:101:6:_Battery_Reading_batTemperature	8	static
../Core/Src/_Battery.c:114:6:_Battery_Reading_cellVoltageMaxMin	16	static
../Core/Src/_Battery.c:135:6:_Battery_Reading_deltacellVoltageMax	0	static
../Core/Src/_Battery.c:144:6:_Battery_Reading_AllParameters	8	static
../Core/Src/_Battery.c:161:6:_Battery_ResetParamIfError	16	static
../Core/Src/_Battery.c:185:7:_Battery_Reading_deltacellVoltageMaxFulChg	16	static
