../Core/Src/myBQ76942_I2C.c:76:6:CopyArray	8	static
../Core/Src/myBQ76942_I2C.c:85:15:Checksum	0	static
../Core/Src/myBQ76942_I2C.c:99:15:CRC8	16	static
../Core/Src/myBQ76942_I2C.c:124:6:I2C_WriteReg	24	static
../Core/Src/myBQ76942_I2C.c:154:5:I2C_ReadReg	24	static
../Core/Src/myBQ76942_I2C.c:194:6:BQ769x2_SetRegister	32	static
../Core/Src/myBQ76942_I2C.c:237:6:CommandSubcommands	16	static
../Core/Src/myBQ76942_I2C.c:251:6:Subcommands	16	static
../Core/Src/myBQ76942_I2C.c:291:6:DirectCommands	16	static
../Core/Src/myBQ76942_I2C.c:444:6:BQ769x2_BOTHOFF	8	static
../Core/Src/myBQ76942_I2C.c:311:6:BQ769x2_Init	8	static
../Core/Src/myBQ76942_I2C.c:452:6:BQ769x2_RESET_BOTHOFF	0	static
../Core/Src/myBQ76942_I2C.c:458:6:BQ769x2_ReadFETStatus	8	static
../Core/Src/myBQ76942_I2C.c:472:6:BQ769x2_ShutdownPin	0	static
../Core/Src/myBQ76942_I2C.c:478:6:BQ769x2_ReleaseShutdownPin	0	static
../Core/Src/myBQ76942_I2C.c:489:10:BQ769x2_ReadAlarmStatus	8	static
../Core/Src/myBQ76942_I2C.c:496:6:BQ769x2_ReadSafetyStatus	16	static
../Core/Src/myBQ76942_I2C.c:516:6:BQ769x2_ReadPFStatus	8	static
../Core/Src/myBQ76942_I2C.c:533:10:BQ769x2_ReadVoltage	8	static
../Core/Src/myBQ76942_I2C.c:546:6:BQ769x2_ReadAllVoltages	16	static
../Core/Src/myBQ76942_I2C.c:559:10:BQ769x2_ReadCurrent	8	static
../Core/Src/myBQ76942_I2C.c:566:7:BQ769x2_ReadTemperature	8	static
../Core/Src/myBQ76942_I2C.c:573:6:BQ769x2_ReadAllTemperatures	8	static
../Core/Src/myBQ76942_I2C.c:580:6:BQ769x2_ReadPassQ	8	static
../Core/Src/myBQ76942_I2C.c:587:6:BQ769x2_EnableAllFETs	8	static
../Core/Src/myBQ76942_I2C.c:595:6:BQ769x2_ReadBalancingActive	8	static
../Core/Src/myBQ76942_I2C.c:603:6:BQ769x2_ReadLVL	8	static
../Core/Src/myBQ76942_I2C.c:612:6:BQ769x2_ReadCheckBatteryStatus	8	static
../Core/Src/myBQ76942_I2C.c:620:6:BQ769x2_ReadDataStatus1	8	static
../Core/Src/myBQ76942_I2C.c:626:6:BQ769x2_ReadDataStatus2	8	static
../Core/Src/myBQ76942_I2C.c:632:6:BQ769x2_ReadDataStatus3	8	static
../Core/Src/myBQ76942_I2C.c:638:6:BQ769x2_ReadAlarmRawStatus	8	static
