../Core/Src/main.c:84:6:ISR_TIM3	1
../Core/Src/main.c:90:6:EX_ISR_GPIO	1
../Core/Src/main.c:94:6:HAL_GPIO_EXTI_Callback	1
../Core/Src/main.c:104:5:main	1
../Core/Src/main.c:158:6:SystemClock_Config	4
../Core/Src/main.c:204:13:MX_ADC1_Init	6
../Core/Src/main.c:278:13:MX_I2C1_Init	2
../Core/Src/main.c:312:13:MX_TIM1_Init	7
../Core/Src/main.c:387:13:MX_TIM2_Init	4
../Core/Src/main.c:432:13:MX_TIM3_Init	4
../Core/Src/main.c:477:13:MX_TIM4_Init	6
../Core/Src/main.c:536:13:MX_USART1_UART_Init	2
../Core/Src/main.c:567:13:MX_DMA_Init	1
../Core/Src/main.c:591:13:MX_GPIO_Init	1
../Core/Src/main.c:634:6:Error_Handler	1
