../Core/Src/main.c:84:6:ISR_TIM3	8	static
../Core/Src/main.c:90:6:EX_ISR_GPIO	4	static
../Core/Src/main.c:94:6:HAL_GPIO_EXTI_Callback	16	static
../Core/Src/main.c:104:5:main	8	static
../Core/Src/main.c:158:6:SystemClock_Config	88	static
../Core/Src/main.c:204:13:MX_ADC1_Init	24	static
../Core/Src/main.c:278:13:MX_I2C1_Init	8	static
../Core/Src/main.c:312:13:MX_TIM1_Init	96	static
../Core/Src/main.c:387:13:MX_TIM2_Init	32	static
../Core/Src/main.c:432:13:MX_TIM3_Init	32	static
../Core/Src/main.c:477:13:MX_TIM4_Init	64	static
../Core/Src/main.c:536:13:MX_USART1_UART_Init	8	static
../Core/Src/main.c:567:13:MX_DMA_Init	16	static
../Core/Src/main.c:591:13:MX_GPIO_Init	40	static
../Core/Src/main.c:634:6:Error_Handler	4	static,ignoring_inline_asm
