Archive member included to satisfy reference by file (symbol)

C:/ST/STM32CubeIDE_1.17.0/STM32CubeIDE/plugins/com.st.stm32cube.ide.mcu.externaltools.gnu-tools-for-stm32.12.3.rel1.win32_1.1.0.202410251130/tools/bin/../lib/gcc/arm-none-eabi/12.3.1/../../../../arm-none-eabi/lib/thumb/v7-m/nofp\libc_nano.a(libc_a-exit.o)
                              C:/ST/STM32CubeIDE_1.17.0/STM32CubeIDE/plugins/com.st.stm32cube.ide.mcu.externaltools.gnu-tools-for-stm32.12.3.rel1.win32_1.1.0.202410251130/tools/bin/../lib/gcc/arm-none-eabi/12.3.1/../../../../arm-none-eabi/lib/thumb/v7-m/nofp/crt0.o (exit)
C:/ST/STM32CubeIDE_1.17.0/STM32CubeIDE/plugins/com.st.stm32cube.ide.mcu.externaltools.gnu-tools-for-stm32.12.3.rel1.win32_1.1.0.202410251130/tools/bin/../lib/gcc/arm-none-eabi/12.3.1/../../../../arm-none-eabi/lib/thumb/v7-m/nofp\libc_nano.a(libc_a-findfp.o)
                              C:/ST/STM32CubeIDE_1.17.0/STM32CubeIDE/plugins/com.st.stm32cube.ide.mcu.externaltools.gnu-tools-for-stm32.12.3.rel1.win32_1.1.0.202410251130/tools/bin/../lib/gcc/arm-none-eabi/12.3.1/../../../../arm-none-eabi/lib/thumb/v7-m/nofp\libc_nano.a(libc_a-exit.o) (__stdio_exit_handler)
C:/ST/STM32CubeIDE_1.17.0/STM32CubeIDE/plugins/com.st.stm32cube.ide.mcu.externaltools.gnu-tools-for-stm32.12.3.rel1.win32_1.1.0.202410251130/tools/bin/../lib/gcc/arm-none-eabi/12.3.1/../../../../arm-none-eabi/lib/thumb/v7-m/nofp\libc_nano.a(libc_a-fwalk.o)
                              C:/ST/STM32CubeIDE_1.17.0/STM32CubeIDE/plugins/com.st.stm32cube.ide.mcu.externaltools.gnu-tools-for-stm32.12.3.rel1.win32_1.1.0.202410251130/tools/bin/../lib/gcc/arm-none-eabi/12.3.1/../../../../arm-none-eabi/lib/thumb/v7-m/nofp\libc_nano.a(libc_a-findfp.o) (_fwalk_sglue)
C:/ST/STM32CubeIDE_1.17.0/STM32CubeIDE/plugins/com.st.stm32cube.ide.mcu.externaltools.gnu-tools-for-stm32.12.3.rel1.win32_1.1.0.202410251130/tools/bin/../lib/gcc/arm-none-eabi/12.3.1/../../../../arm-none-eabi/lib/thumb/v7-m/nofp\libc_nano.a(libc_a-snprintf.o)
                              ./Core/Src/_HMI.o (snprintf)
C:/ST/STM32CubeIDE_1.17.0/STM32CubeIDE/plugins/com.st.stm32cube.ide.mcu.externaltools.gnu-tools-for-stm32.12.3.rel1.win32_1.1.0.202410251130/tools/bin/../lib/gcc/arm-none-eabi/12.3.1/../../../../arm-none-eabi/lib/thumb/v7-m/nofp\libc_nano.a(libc_a-sscanf.o)
                              ./Core/Src/_BMS.o (sscanf)
C:/ST/STM32CubeIDE_1.17.0/STM32CubeIDE/plugins/com.st.stm32cube.ide.mcu.externaltools.gnu-tools-for-stm32.12.3.rel1.win32_1.1.0.202410251130/tools/bin/../lib/gcc/arm-none-eabi/12.3.1/../../../../arm-none-eabi/lib/thumb/v7-m/nofp\libc_nano.a(libc_a-stdio.o)
                              C:/ST/STM32CubeIDE_1.17.0/STM32CubeIDE/plugins/com.st.stm32cube.ide.mcu.externaltools.gnu-tools-for-stm32.12.3.rel1.win32_1.1.0.202410251130/tools/bin/../lib/gcc/arm-none-eabi/12.3.1/../../../../arm-none-eabi/lib/thumb/v7-m/nofp\libc_nano.a(libc_a-findfp.o) (__sread)
C:/ST/STM32CubeIDE_1.17.0/STM32CubeIDE/plugins/com.st.stm32cube.ide.mcu.externaltools.gnu-tools-for-stm32.12.3.rel1.win32_1.1.0.202410251130/tools/bin/../lib/gcc/arm-none-eabi/12.3.1/../../../../arm-none-eabi/lib/thumb/v7-m/nofp\libc_nano.a(libc_a-memset.o)
                              C:/ST/STM32CubeIDE_1.17.0/STM32CubeIDE/plugins/com.st.stm32cube.ide.mcu.externaltools.gnu-tools-for-stm32.12.3.rel1.win32_1.1.0.202410251130/tools/bin/../lib/gcc/arm-none-eabi/12.3.1/../../../../arm-none-eabi/lib/thumb/v7-m/nofp/crt0.o (memset)
C:/ST/STM32CubeIDE_1.17.0/STM32CubeIDE/plugins/com.st.stm32cube.ide.mcu.externaltools.gnu-tools-for-stm32.12.3.rel1.win32_1.1.0.202410251130/tools/bin/../lib/gcc/arm-none-eabi/12.3.1/../../../../arm-none-eabi/lib/thumb/v7-m/nofp\libc_nano.a(libc_a-closer.o)
                              C:/ST/STM32CubeIDE_1.17.0/STM32CubeIDE/plugins/com.st.stm32cube.ide.mcu.externaltools.gnu-tools-for-stm32.12.3.rel1.win32_1.1.0.202410251130/tools/bin/../lib/gcc/arm-none-eabi/12.3.1/../../../../arm-none-eabi/lib/thumb/v7-m/nofp\libc_nano.a(libc_a-stdio.o) (_close_r)
C:/ST/STM32CubeIDE_1.17.0/STM32CubeIDE/plugins/com.st.stm32cube.ide.mcu.externaltools.gnu-tools-for-stm32.12.3.rel1.win32_1.1.0.202410251130/tools/bin/../lib/gcc/arm-none-eabi/12.3.1/../../../../arm-none-eabi/lib/thumb/v7-m/nofp\libc_nano.a(libc_a-reent.o)
                              C:/ST/STM32CubeIDE_1.17.0/STM32CubeIDE/plugins/com.st.stm32cube.ide.mcu.externaltools.gnu-tools-for-stm32.12.3.rel1.win32_1.1.0.202410251130/tools/bin/../lib/gcc/arm-none-eabi/12.3.1/../../../../arm-none-eabi/lib/thumb/v7-m/nofp\libc_nano.a(libc_a-closer.o) (errno)
C:/ST/STM32CubeIDE_1.17.0/STM32CubeIDE/plugins/com.st.stm32cube.ide.mcu.externaltools.gnu-tools-for-stm32.12.3.rel1.win32_1.1.0.202410251130/tools/bin/../lib/gcc/arm-none-eabi/12.3.1/../../../../arm-none-eabi/lib/thumb/v7-m/nofp\libc_nano.a(libc_a-impure.o)
[...]
Memory Configuration

Name             Origin             Length             Attributes
RAM              0x20000000         0x00005000         xrw
FLASH            0x08000000         0x00010000         xr
*default*        0x00000000         0xffffffff

Linker script and memory map

LOAD C:/ST/STM32CubeIDE_1.17.0/STM32CubeIDE/plugins/com.st.stm32cube.ide.mcu.externaltools.gnu-tools-for-stm32.12.3.rel1.win32_1.1.0.202410251130/tools/bin/../lib/gcc/arm-none-eabi/12.3.1/thumb/v7-m/nofp/crti.o
LOAD C:/ST/STM32CubeIDE_1.17.0/STM32CubeIDE/plugins/com.st.stm32cube.ide.mcu.externaltools.gnu-tools-for-stm32.12.3.rel1.win32_1.1.0.202410251130/tools/bin/../lib/gcc/arm-none-eabi/12.3.1/thumb/v7-m/nofp/crtbegin.o
LOAD C:/ST/STM32CubeIDE_1.17.0/STM32CubeIDE/plugins/com.st.stm32cube.ide.mcu.externaltools.gnu-tools-for-stm32.12.3.rel1.win32_1.1.0.202410251130/tools/bin/../lib/gcc/arm-none-eabi/12.3.1/../../../../arm-none-eabi/lib/thumb/v7-m/nofp/crt0.o
LOAD ./Core/Src/_BMS.o
LOAD ./Core/Src/_Battery.o
LOAD ./Core/Src/_CellBalancing.o
LOAD ./Core/Src/_Fan.o
LOAD ./Core/Src/_HMI.o
LOAD ./Core/Src/_NumberofCharge.o
LOAD ./Core/Src/_Speaker.o
LOAD ./Core/Src/_SystemState.o
LOAD ./Core/Src/_controller.o
LOAD ./Core/Src/globalDefine.o
LOAD ./Core/Src/main.o
LOAD ./Core/Src/myADC.o
LOAD ./Core/Src/myBQ76942_I2C.o
LOAD ./Core/Src/myI2CLCD.o
LOAD ./Core/Src/myPWM.o
LOAD ./Core/Src/myUART.o
LOAD ./Core/Src/stm32f1xx_hal_msp.o
LOAD ./Core/Src/stm32f1xx_it.o
LOAD ./Core/Src/syscalls.o
LOAD ./Core/Src/sysmem.o
LOAD ./Core/Src/system_stm32f1xx.o
LOAD ./Core/Startup/startup_stm32f103c8tx.o
LOAD ./Drivers/STM32F1xx_HAL_Driver/Src/stm32f1xx_hal.o
LOAD ./Drivers/STM32F1xx_HAL_Driver/Src/stm32f1xx_hal_adc.o
LOAD ./Drivers/STM32F1xx_HAL_Driver/Src/stm32f1xx_hal_adc_ex.o
LOAD ./Drivers/STM32F1xx_HAL_Driver/Src/stm32f1xx_hal_cortex.o
LOAD ./Drivers/STM32F1xx_HAL_Driver/Src/stm32f1xx_hal_dma.o
LOAD ./Drivers/STM32F1xx_HAL_Driver/Src/stm32f1xx_hal_exti.o
LOAD ./Drivers/STM32F1xx_HAL_Driver/Src/stm32f1xx_hal_flash.o
LOAD ./Drivers/STM32F1xx_HAL_Driver/Src/stm32f1xx_hal_flash_ex.o
LOAD ./Drivers/STM32F1xx_HAL_Driver/Src/stm32f1xx_hal_gpio.o
LOAD ./Drivers/STM32F1xx_HAL_Driver/Src/stm32f1xx_hal_gpio_ex.o
LOAD ./Drivers/STM32F1xx_HAL_Driver/Src/stm32f1xx_hal_i2c.o
LOAD ./Drivers/STM32F1xx_HAL_Driver/Src/stm32f1xx_hal_pwr.o
LOAD ./Drivers/STM32F1xx_HAL_Driver/Src/stm32f1xx_hal_rcc.o
LOAD ./Drivers/STM32F1xx_HAL_Driver/Src/stm32f1xx_hal_rcc_ex.o
LOAD ./Drivers/STM32F1xx_HAL_Driver/Src/stm32f1xx_hal_tim.o
LOAD ./Drivers/STM32F1xx_HAL_Driver/Src/stm32f1xx_hal_tim_ex.o
LOAD ./Drivers/STM32F1xx_HAL_Driver/Src/stm32f1xx_hal_uart.o
START GROUP
LOAD C:/ST/STM32CubeIDE_1.17.0/STM32CubeIDE/plugins/com.st.stm32cube.ide.mcu.externaltools.gnu-tools-for-stm32.12.3.rel1.win32_1.1.0.202410251130/tools/bin/../lib/gcc/arm-none-eabi/12.3.1/../../../../arm-none-eabi/lib/thumb/v7-m/nofp\libc_nano.a
LOAD C:/ST/STM32CubeIDE_1.17.0/STM32CubeIDE/plugins/com.st.stm32cube.ide.mcu.externaltools.gnu-tools-for-stm32.12.3.rel1.win32_1.1.0.202410251130/tools/bin/../lib/gcc/arm-none-eabi/12.3.1/../../../../arm-none-eabi/lib/thumb/v7-m/nofp\libm.a
END GROUP
START GROUP
LOAD C:/ST/STM32CubeIDE_1.17.0/STM32CubeIDE/plugins/com.st.stm32cube.ide.mcu.externaltools.gnu-tools-for-stm32.12.3.rel1.win32_1.1.0.202410251130/tools/bin/../lib/gcc/arm-none-eabi/12.3.1/thumb/v7-m/nofp\libgcc.a
LOAD C:/ST/STM32CubeIDE_1.17.0/STM32CubeIDE/plugins/com.st.stm32cube.ide.mcu.externaltools.gnu-tools-for-stm32.12.3.rel1.win32_1.1.0.202410251130/tools/bin/../lib/gcc/arm-none-eabi/12.3.1/../../../../arm-none-eabi/lib/thumb/v7-m/nofp\libc_nano.a
END GROUP
START GROUP
LOAD C:/ST/STM32CubeIDE_1.17.0/STM32CubeIDE/plugins/com.st.stm32cube.ide.mcu.externaltools.gnu-tools-for-stm32.12.3.rel1.win32_1.1.0.202410251130/tools/bin/../lib/gcc/arm-none-eabi/12.3.1/thumb/v7-m/nofp\libgcc.a
LOAD C:/ST/STM32CubeIDE_1.17.0/STM32CubeIDE/plugins/com.st.stm32cube.ide.mcu.externaltools.gnu-tools-for-stm32.12.3.rel1.win32_1.1.0.202410251130/tools/bin/../lib/gcc/arm-none-eabi/12.3.1/../../../../arm-none-eabi/lib/thumb/v7-m/nofp\libc_nano.a
LOAD C:/ST/STM32CubeIDE_1.17.0/STM32CubeIDE/plugins/com.st.stm32cube.ide.mcu.externaltools.gnu-tools-for-stm32.12.3.rel1.win32_1.1.0.202410251130/tools/bin/../lib/gcc/arm-none-eabi/12.3.1/../../../../arm-none-eabi/lib/thumb/v7-m/nofp\libnosys.a
END GROUP
START GROUP
LOAD C:/ST/STM32CubeIDE_1.17.0/STM32CubeIDE/plugins/com.st.stm32cube.ide.mcu.externaltools.gnu-tools-for-stm32.12.3.rel1.win32_1.1.0.202410251130/tools/bin/../lib/gcc/arm-none-eabi/12.3.1/thumb/v7-m/nofp\libgcc.a
LOAD C:/ST/STM32CubeIDE_1.17.0/STM32CubeIDE/plugins/com.st.stm32cube.ide.mcu.externaltools.gnu-tools-for-stm32.12.3.rel1.win32_1.1.0.202410251130/tools/bin/../lib/gcc/arm-none-eabi/12.3.1/../../../../arm-none-eabi/lib/thumb/v7-m/nofp\libc_nano.a
LOAD C:/ST/STM32CubeIDE_1.17.0/STM32CubeIDE/plugins/com.st.stm32cube.ide.mcu.externaltools.gnu-tools-for-stm32.12.3.rel1.win32_1.1.0.202410251130/tools/bin/../lib/gcc/arm-none-eabi/12.3.1/../../../../arm-none-eabi/lib/thumb/v7-m/nofp\libnosys.a
END GROUP
LOAD C:/ST/STM32CubeIDE_1.17.0/STM32CubeIDE/plugins/com.st.stm32cube.ide.mcu.externaltools.gnu-tools-for-stm32.12.3.rel1.win32_1.1.0.202410251130/tools/bin/../lib/gcc/arm-none-eabi/12.3.1/thumb/v7-m/nofp/crtend.o
LOAD C:/ST/STM32CubeIDE_1.17.0/STM32CubeIDE/plugins/com.st.stm32cube.ide.mcu.externaltools.gnu-tools-for-stm32.12.3.rel1.win32_1.1.0.202410251130/tools/bin/../lib/gcc/arm-none-eabi/12.3.1/thumb/v7-m/nofp/crtn.o
                0x20005000                        _estack = (ORIGIN (RAM) + LENGTH (RAM))
                0x00000200                        _Min_Heap_Size = 0x200
                0x00000400                        _Min_Stack_Size = 0x400

.isr_vector     0x08000000      0x10c
                0x08000000                        . = ALIGN (0x4)
 *(.isr_vector)
 .isr_vector    0x08000000      0x10c ./Core/Startup/startup_stm32f103c8tx.o
                0x08000000                g_pfnVectors
                0x0800010c                        . = ALIGN (0x4)

.text           0x08000110     0x6fa0
                0x08000110                        . = ALIGN (0x4)
 *(.text)
 .text          0x08000110       0x40 C:/ST/STM32CubeIDE_1.17.0/STM32CubeIDE/plugins/com.st.stm32cube.ide.mcu.externaltools.gnu-tools-for-stm32.12.3.rel1.win32_1.1.0.202410251130/tools/bin/../lib/gcc/arm-none-eabi/12.3.1/thumb/v7-m/nofp/crtbegin.o
 .text          0x08000150       0x10 C:/ST/STM32CubeIDE_1.17.0/STM32CubeIDE/plugins/com.st.stm32cube.ide.mcu.externaltools.gnu-tools-for-stm32.12.3.rel1.win32_1.1.0.202410251130/tools/bin/../lib/gcc/arm-none-eabi/12.3.1/../../../../arm-none-eabi/lib/thumb/v7-m/nofp\libc_nano.a(libc_a-strlen.o)
                0x08000150                strlen
 .text          0x08000160      0x378 C:/ST/STM32CubeIDE_1.17.0/STM32CubeIDE/plugins/com.st.stm32cube.ide.mcu.externaltools.gnu-tools-for-stm32.12.3.rel1.win32_1.1.0.202410251130/tools/bin/../lib/gcc/arm-none-eabi/12.3.1/thumb/v7-m/nofp\libgcc.a(_arm_addsubdf3.o)
                0x08000160                __aeabi_drsub
                0x08000168                __aeabi_dsub
                0x08000168                __subdf3
                0x0800016c                __aeabi_dadd
                0x0800016c                __adddf3
                0x080003e4                __floatunsidf
                0x080003e4                __aeabi_ui2d
                0x08000404                __floatsidf
                0x08000404                __aeabi_i2d
                0x08000428                __aeabi_f2d
                0x08000428                __extendsfdf2
                0x0800046c                __floatundidf
                0x0800046c                __aeabi_ul2d
                0x0800047c                __floatdidf
                0x0800047c                __aeabi_l2d
 .text          0x080004d8      0x424 C:/ST/STM32CubeIDE_1.17.0/STM32CubeIDE/plugins/com.st.stm32cube.ide.mcu.externaltools.gnu-tools-for-stm32.12.3.rel1.win32_1.1.0.202410251130/tools/bin/../lib/gcc/arm-none-eabi/12.3.1/thumb/v7-m/nofp\libgcc.a(_arm_muldivdf3.o)
                0x080004d8                __aeabi_dmul
                0x080004d8                __muldf3
                0x0800072c                __divdf3
                0x0800072c                __aeabi_ddiv
 .text          0x080008fc       0x50 C:/ST/STM32CubeIDE_1.17.0/STM32CubeIDE/plugins/com.st.stm32cube.ide.mcu.externaltools.gnu-tools-for-stm32.12.3.rel1.win32_1.1.0.202410251130/tools/bin/../lib/gcc/arm-none-eabi/12.3.1/thumb/v7-m/nofp\libgcc.a(_arm_fixdfsi.o)
                0x080008fc                __aeabi_d2iz
                0x080008fc                __fixdfsi
 .text          0x0800094c       0xa0 C:/ST/STM32CubeIDE_1.17.0/STM32CubeIDE/plugins/com.st.stm32cube.ide.mcu.externaltools.gnu-tools-for-stm32.12.3.rel1.win32_1.1.0.202410251130/tools/bin/../lib/gcc/arm-none-eabi/12.3.1/thumb/v7-m/nofp\libgcc.a(_arm_truncdfsf2.o)
                0x0800094c                __truncdfsf2
                0x0800094c                __aeabi_d2f
 .text          0x080009ec      0x21c C:/ST/STM32CubeIDE_1.17.0/STM32CubeIDE/plugins/com.st.stm32cube.ide.mcu.externaltools.gnu-tools-for-stm32.12.3.rel1.win32_1.1.0.202410251130/tools/bin/../lib/gcc/arm-none-eabi/12.3.1/thumb/v7-m/nofp\libgcc.a(_arm_addsubsf3.o)
                0x080009ec                __aeabi_frsub
                0x080009f4                __subsf3
                0x080009f4                __aeabi_fsub
                0x080009f8                __aeabi_fadd
                0x080009f8                __addsf3
                0x08000b58                __aeabi_ui2f
                0x08000b58                __floatunsisf
                0x08000b60                __aeabi_i2f
                0x08000b60                __floatsisf
                0x08000b7c                __aeabi_ul2f
                0x08000b7c                __floatundisf
                0x08000b8c                __aeabi_l2f
                0x08000b8c                __floatdisf
 .text          0x08000c08      0x2a0 C:/ST/STM32CubeIDE_1.17.0/STM32CubeIDE/plugins/com.st.stm32cube.ide.mcu.externaltools.gnu-tools-for-stm32.12.3.rel1.win32_1.1.0.202410251130/tools/bin/../lib/gcc/arm-none-eabi/12.3.1/thumb/v7-m/nofp\libgcc.a(_arm_muldivsf3.o)
                0x08000c08                __mulsf3
                0x08000c08                __aeabi_fmul
                0x08000d70                __aeabi_fdiv
                0x08000d70                __divsf3
 .text          0x08000ea8       0xec C:/ST/STM32CubeIDE_1.17.0/STM32CubeIDE/plugins/com.st.stm32cube.ide.mcu.externaltools.gnu-tools-for-stm32.12.3.rel1.win32_1.1.0.202410251130/tools/bin/../lib/gcc/arm-none-eabi/12.3.1/thumb/v7-m/nofp\libgcc.a(_arm_cmpsf2.o)
                0x08000ea8                __gesf2
                0x08000ea8                __gtsf2
                0x08000eb0                __lesf2
                0x08000eb0                __ltsf2
                0x08000eb8                __nesf2
                0x08000eb8                __eqsf2
                0x08000eb8                __cmpsf2
                0x08000f18                __aeabi_cfrcmple
                0x08000f20                __aeabi_cfcmpeq
                0x08000f20                __aeabi_cfcmple
                0x08000f30                __aeabi_fcmpeq
                0x08000f44                __aeabi_fcmplt
                0x08000f58                __aeabi_fcmple
                0x08000f6c                __aeabi_fcmpge
                0x08000f80                __aeabi_fcmpgt
 .text          0x08000f94       0x40 C:/ST/STM32CubeIDE_1.17.0/STM32CubeIDE/plugins/com.st.stm32cube.ide.mcu.externaltools.gnu-tools-for-stm32.12.3.rel1.win32_1.1.0.202410251130/tools/bin/../lib/gcc/arm-none-eabi/12.3.1/thumb/v7-m/nofp\libgcc.a(_arm_fixunssfsi.o)
                0x08000f94                __fixunssfsi
                0x08000f94                __aeabi_f2uiz
 *(.text*)
 .text.HAL_UART_RxCpltCallback
                0x08000fd4       0x70 ./Core/Src/_BMS.o
                0x08000fd4                HAL_UART_RxCpltCallback
 .text.handle_uart_command
                0x08001044       0x3c ./Core/Src/_BMS.o
                0x08001044                handle_uart_command
 .text.bmsUpdatestatus
                0x08001080      0x224 ./Core/Src/_BMS.o
                0x08001080                bmsUpdatestatus
 .text._main_interrupt_service
                0x080012a4      0x2b8 ./Core/Src/_BMS.o
                0x080012a4                _main_interrupt_service
 .text.bmsInit  0x0800155c       0x14 ./Core/Src/_BMS.o
                0x0800155c                bmsInit
 .text.bmsReadnumcharged
                0x08001570       0x28 ./Core/Src/_BMS.o
                0x08001570                bmsReadnumcharged
 .text._system_initialization
                0x08001598      0x108 ./Core/Src/_BMS.o
                0x08001598                _system_initialization
 .text.bmsIncreasenumcharged
                0x080016a0       0x28 ./Core/Src/_BMS.o
                0x080016a0                bmsIncreasenumcharged
 .text._ext_interrupt_service
                0x080016c8       0x70 ./Core/Src/_BMS.o
                0x080016c8                _ext_interrupt_service
 .text.bmsClearAllFlags
                0x08001738       0x30 ./Core/Src/_BMS.o
                0x08001738                bmsClearAllFlags
 .text._main_inf_loop
                0x08001768      0x16c ./Core/Src/_BMS.o
                0x08001768                _main_inf_loop
 .text.batteryInit
                0x080018d4       0x58 ./Core/Src/_Battery.o
                0x080018d4                batteryInit
 .text._Battery_Reading_cellVoltage
                0x0800192c       0x26 ./Core/Src/_Battery.o
                0x0800192c                _Battery_Reading_cellVoltage
 .text._Battery_Reading_chargerVoltage
                0x08001952        0xe ./Core/Src/_Battery.o
                0x08001952                _Battery_Reading_chargerVoltage
 .text._Battery_Reading_batVoltage
                0x08001960       0x26 ./Core/Src/_Battery.o
                0x08001960                _Battery_Reading_batVoltage
 .text._Battery_Reading_batCurrent
                0x08001986        0xc ./Core/Src/_Battery.o
                0x08001986                _Battery_Reading_batCurrent
 .text._Battery_Reading_batTemperature
                0x08001992       0x1e ./Core/Src/_Battery.o
                0x08001992                _Battery_Reading_batTemperature
 .text._Battery_Reading_cellVoltageMaxMin
                0x080019b0       0x2e ./Core/Src/_Battery.o
                0x080019b0                _Battery_Reading_cellVoltageMaxMin
 .text._Battery_Reading_deltacellVoltageMax
                0x080019de        0xa ./Core/Src/_Battery.o
                0x080019de                _Battery_Reading_deltacellVoltageMax
 .text._Battery_Reading_deltacellVoltageMaxFulChg
                0x080019e8       0x38 ./Core/Src/_Battery.o
                0x080019e8                _Battery_Reading_deltacellVoltageMaxFulChg
 .text.cellbalancingInit
                0x08001a20        0xc ./Core/Src/_CellBalancing.o
                0x08001a20                cellbalancingInit
 .text._fan_Init
                0x08001a2c       0x16 ./Core/Src/_Fan.o
                0x08001a2c                _fan_Init
 *fill*         0x08001a42        0x2 
 .text._fan_Setspeed
                0x08001a44       0x18 ./Core/Src/_Fan.o
                0x08001a44                _fan_Setspeed
 .text.hmiInit  0x08001a5c       0x26 ./Core/Src/_HMI.o
                0x08001a5c                hmiInit
 *fill*         0x08001a82        0x2 
 .text.hmiUpdatemessageVN
                0x08001a84      0x5a0 ./Core/Src/_HMI.o
                0x08001a84                hmiUpdatemessageVN
 .text.hmiUpdatedisplay
                0x08002024       0xc8 ./Core/Src/_HMI.o
                0x08002024                hmiUpdatedisplay
 .text.numchargeInit
                0x080020ec       0x1c ./Core/Src/_NumberofCharge.o
                0x080020ec                numchargeInit
 .text.speakerInit
                0x08002108       0x18 ./Core/Src/_Speaker.o
                0x08002108                speakerInit
 .text.setSpeaker_Config
                0x08002120       0x12 ./Core/Src/_Speaker.o
                0x08002120                setSpeaker_Config
 *fill*         0x08002132        0x2 
 .text._statechargerInit
                0x08002134       0x44 ./Core/Src/_SystemState.o
                0x08002134                _statechargerInit
 .text._statechargerUpdate
                0x08002178       0xd4 ./Core/Src/_SystemState.o
                0x08002178                _statechargerUpdate
 .text._Charging_BatteryCheck
                0x0800224c       0x90 ./Core/Src/_SystemState.o
                0x0800224c                _Charging_BatteryCheck
 .text._Charging_Delay_us
                0x080022dc       0x18 ./Core/Src/_SystemState.o
                0x080022dc                _Charging_Delay_us
 .text._Charging_SoftStart_UpdateDuty
                0x080022f4       0x34 ./Core/Src/_SystemState.o
                0x080022f4                _Charging_SoftStart_UpdateDuty
 .text._Charging_Soft_Start
                0x08002328       0x38 ./Core/Src/_SystemState.o
                0x08002328                _Charging_Soft_Start
 .text._Charging_HandShake
                0x08002360       0x28 ./Core/Src/_SystemState.o
                0x08002360                _Charging_HandShake
 .text._Charging_FulCharged
                0x08002388       0x28 ./Core/Src/_SystemState.o
                0x08002388                _Charging_FulCharged
 .text._Charging_Protection
                0x080023b0        0x4 ./Core/Src/_SystemState.o
                0x080023b0                _Charging_Protection
 .text._Controller_Init
                0x080023b4       0x70 ./Core/Src/_controller.o
                0x080023b4                _Controller_Init
 .text._Controller_AntiWindUp
                0x08002424       0x1a ./Core/Src/_controller.o
                0x08002424                _Controller_AntiWindUp
 *fill*         0x0800243e        0x2 
 .text._Controller_CV
                0x08002440       0x64 ./Core/Src/_controller.o
                0x08002440                _Controller_CV
 .text._Controller_CC
                0x080024a4       0x64 ./Core/Src/_controller.o
                0x080024a4                _Controller_CC
 .text._Controller_CC_UpdateOperatingPoint
                0x08002508       0x4c ./Core/Src/_controller.o
                0x08002508                _Controller_CC_UpdateOperatingPoint
 .text._Controller_CV_CC_Reuse
                0x08002554       0xb8 ./Core/Src/_controller.o
                0x08002554                _Controller_CV_CC_Reuse
 .text.ISR_TIM3
                0x0800260c       0x14 ./Core/Src/main.o
                0x0800260c                ISR_TIM3
 .text.HAL_GPIO_EXTI_Callback
                0x08002620       0x14 ./Core/Src/main.o
                0x08002620                HAL_GPIO_EXTI_Callback
 .text.SystemClock_Config
                0x08002634       0x7a ./Core/Src/main.o
                0x08002634                SystemClock_Config
 *fill*         0x080026ae        0x2 
 .text.startup.main
                0x080026b0      0x3fc ./Core/Src/main.o
                0x080026b0                main
 .text.Error_Handler
                0x08002aac        0x4 ./Core/Src/main.o
                0x08002aac                Error_Handler
 .text.adcInit  0x08002ab0       0x14 ./Core/Src/myADC.o
                0x08002ab0                adcInit
 .text.adcRead  0x08002ac4       0x24 ./Core/Src/myADC.o
                0x08002ac4                adcRead
 .text.adcWaitforconversion
                0x08002ae8       0x18 ./Core/Src/myADC.o
                0x08002ae8                adcWaitforconversion
 .text.adcResumeconversion
                0x08002b00       0x14 ./Core/Src/myADC.o
                0x08002b00                adcResumeconversion
 .text.Checksum
                0x08002b14       0x18 ./Core/Src/myBQ76942_I2C.o
                0x08002b14                Checksum
 .text.I2C_WriteReg
                0x08002b2c       0x24 ./Core/Src/myBQ76942_I2C.o
                0x08002b2c                I2C_WriteReg
 .text.I2C_ReadReg
                0x08002b50       0x24 ./Core/Src/myBQ76942_I2C.o
                0x08002b50                I2C_ReadReg
 .text.BQ769x2_SetRegister
                0x08002b74       0xc0 ./Core/Src/myBQ76942_I2C.o
                0x08002b74                BQ769x2_SetRegister
 .text.CommandSubcommands
                0x08002c34       0x1c ./Core/Src/myBQ76942_I2C.o
                0x08002c34                CommandSubcommands
 .text.DirectCommands
                0x08002c50       0x30 ./Core/Src/myBQ76942_I2C.o
                0x08002c50                DirectCommands
 .text.BQ769x2_BOTHOFF
                0x08002c80       0x12 ./Core/Src/myBQ76942_I2C.o
                0x08002c80                BQ769x2_BOTHOFF
 .text.BQ769x2_Init
                0x08002c92      0x1c8 ./Core/Src/myBQ76942_I2C.o
                0x08002c92                BQ769x2_Init
 *fill*         0x08002e5a        0x2 
 .text.BQ769x2_ReadVoltage
                0x08002e5c       0x2c ./Core/Src/myBQ76942_I2C.o
                0x08002e5c                BQ769x2_ReadVoltage
 .text.BQ769x2_ReadCurrent
                0x08002e88       0x20 ./Core/Src/myBQ76942_I2C.o
                0x08002e88                BQ769x2_ReadCurrent
 .text.BQ769x2_ReadTemperature
                0x08002ea8       0x4c ./Core/Src/myBQ76942_I2C.o
                0x08002ea8                BQ769x2_ReadTemperature
 .text.BQ769x2_EnableAllFETs
                0x08002ef4       0x12 ./Core/Src/myBQ76942_I2C.o
                0x08002ef4                BQ769x2_EnableAllFETs
 *fill*         0x08002f06        0x2 
 .text.lcd_send_cmd
                0x08002f08       0x44 ./Core/Src/myI2CLCD.o
                0x08002f08                lcd_send_cmd
 .text.lcd_send_data
                0x08002f4c       0x44 ./Core/Src/myI2CLCD.o
                0x08002f4c                lcd_send_data
 .text.lcdInit  0x08002f90       0x78 ./Core/Src/myI2CLCD.o
                0x08002f90                lcdInit
 .text.lcdClear
                0x08003008       0x12 ./Core/Src/myI2CLCD.o
                0x08003008                lcdClear
 *fill*         0x0800301a        0x2 
 .text.lcdXYprintf
                0x0800301c       0x3c ./Core/Src/myI2CLCD.o
                0x0800301c                lcdXYprintf
 .text.pwmInit  0x08003058       0x10 ./Core/Src/myPWM.o
                0x08003058                pwmInit
 .text.pwmSetpfm
                0x08003068       0x24 ./Core/Src/myPWM.o
                0x08003068                pwmSetpfm
 .text.HAL_MspInit
                0x0800308c       0x44 ./Core/Src/stm32f1xx_hal_msp.o
                0x0800308c                HAL_MspInit
 .text.HAL_ADC_MspInit
                0x080030d0       0x98 ./Core/Src/stm32f1xx_hal_msp.o
                0x080030d0                HAL_ADC_MspInit
 .text.HAL_I2C_MspInit
                0x08003168       0x64 ./Core/Src/stm32f1xx_hal_msp.o
                0x08003168                HAL_I2C_MspInit
 .text.HAL_TIM_Base_MspInit
                0x080031cc       0xa0 ./Core/Src/stm32f1xx_hal_msp.o
                0x080031cc                HAL_TIM_Base_MspInit
 .text.HAL_TIM_MspPostInit
                0x0800326c       0xac ./Core/Src/stm32f1xx_hal_msp.o
                0x0800326c                HAL_TIM_MspPostInit
 .text.HAL_UART_MspInit
                0x08003318       0xdc ./Core/Src/stm32f1xx_hal_msp.o
                0x08003318                HAL_UART_MspInit
 .text.NMI_Handler
                0x080033f4        0x2 ./Core/Src/stm32f1xx_it.o
                0x080033f4                NMI_Handler
 .text.HardFault_Handler
                0x080033f6        0x2 ./Core/Src/stm32f1xx_it.o
                0x080033f6                HardFault_Handler
 .text.MemManage_Handler
                0x080033f8        0x2 ./Core/Src/stm32f1xx_it.o
                0x080033f8                MemManage_Handler
 .text.BusFault_Handler
                0x080033fa        0x2 ./Core/Src/stm32f1xx_it.o
                0x080033fa                BusFault_Handler
 .text.UsageFault_Handler
                0x080033fc        0x2 ./Core/Src/stm32f1xx_it.o
                0x080033fc                UsageFault_Handler
 .text.SVC_Handler
                0x080033fe        0x2 ./Core/Src/stm32f1xx_it.o
                0x080033fe                SVC_Handler
 .text.DebugMon_Handler
                0x08003400        0x2 ./Core/Src/stm32f1xx_it.o
                0x08003400                DebugMon_Handler
 .text.PendSV_Handler
                0x08003402        0x2 ./Core/Src/stm32f1xx_it.o
                0x08003402                PendSV_Handler
 .text.SysTick_Handler
                0x08003404        0x4 ./Core/Src/stm32f1xx_it.o
                0x08003404                SysTick_Handler
 .text.DMA1_Channel1_IRQHandler
                0x08003408        0xc ./Core/Src/stm32f1xx_it.o
                0x08003408                DMA1_Channel1_IRQHandler
 .text.DMA1_Channel4_IRQHandler
                0x08003414        0xc ./Core/Src/stm32f1xx_it.o
                0x08003414                DMA1_Channel4_IRQHandler
 .text.DMA1_Channel5_IRQHandler
                0x08003420        0xc ./Core/Src/stm32f1xx_it.o
                0x08003420                DMA1_Channel5_IRQHandler
 .text.TIM3_IRQHandler
                0x0800342c       0x14 ./Core/Src/stm32f1xx_it.o
                0x0800342c                TIM3_IRQHandler
 .text.EXTI15_10_IRQHandler
                0x08003440        0x8 ./Core/Src/stm32f1xx_it.o
                0x08003440                EXTI15_10_IRQHandler
 .text._sbrk    0x08003448       0x40 ./Core/Src/sysmem.o
                0x08003448                _sbrk
 .text.SystemInit
                0x08003488        0x2 ./Core/Src/system_stm32f1xx.o
                0x08003488                SystemInit
 *fill*         0x0800348a        0x2 
 .text.Reset_Handler
                0x0800348c       0x48 ./Core/Startup/startup_stm32f103c8tx.o
                0x0800348c                Reset_Handler
 .text.Default_Handler
                0x080034d4        0x2 ./Core/Startup/startup_stm32f103c8tx.o
                0x080034d4                RTC_Alarm_IRQHandler
                0x080034d4                EXTI2_IRQHandler
                0x080034d4                TIM1_CC_IRQHandler
                0x080034d4                PVD_IRQHandler
                0x080034d4                EXTI3_IRQHandler
                0x080034d4                EXTI0_IRQHandler
                0x080034d4                I2C2_EV_IRQHandler
                0x080034d4                ADC1_2_IRQHandler
                0x080034d4                SPI1_IRQHandler
                0x080034d4                TAMPER_IRQHandler
                0x080034d4                USART3_IRQHandler
                0x080034d4                RTC_IRQHandler
                0x080034d4                DMA1_Channel7_IRQHandler
                0x080034d4                CAN1_RX1_IRQHandler
                0x080034d4                TIM4_IRQHandler
                0x080034d4                I2C1_EV_IRQHandler
                0x080034d4                DMA1_Channel6_IRQHandler
                0x080034d4                RCC_IRQHandler
                0x080034d4                TIM1_TRG_COM_IRQHandler
                0x080034d4                Default_Handler
                0x080034d4                EXTI9_5_IRQHandler
                0x080034d4                SPI2_IRQHandler
                0x080034d4                EXTI4_IRQHandler
                0x080034d4                USB_LP_CAN1_RX0_IRQHandler
                0x080034d4                USB_HP_CAN1_TX_IRQHandler
                0x080034d4                DMA1_Channel3_IRQHandler
                0x080034d4                TIM1_UP_IRQHandler
                0x080034d4                WWDG_IRQHandler
                0x080034d4                TIM2_IRQHandler
                0x080034d4                TIM1_BRK_IRQHandler
                0x080034d4                EXTI1_IRQHandler
                0x080034d4                USART2_IRQHandler
                0x080034d4                I2C2_ER_IRQHandler
                0x080034d4                DMA1_Channel2_IRQHandler
                0x080034d4                CAN1_SCE_IRQHandler
                0x080034d4                FLASH_IRQHandler
                0x080034d4                USART1_IRQHandler
                0x080034d4                I2C1_ER_IRQHandler
                0x080034d4                USBWakeUp_IRQHandler
 *fill*         0x080034d6        0x2 
 .text.HAL_InitTick
                0x080034d8       0x48 ./Drivers/STM32F1xx_HAL_Driver/Src/stm32f1xx_hal.o
                0x080034d8                HAL_InitTick
 .text.HAL_Init
                0x08003520       0x24 ./Drivers/STM32F1xx_HAL_Driver/Src/stm32f1xx_hal.o
                0x08003520                HAL_Init
 .text.HAL_IncTick
                0x08003544       0x18 ./Drivers/STM32F1xx_HAL_Driver/Src/stm32f1xx_hal.o
                0x08003544                HAL_IncTick
 .text.HAL_GetTick
                0x0800355c        0xc ./Drivers/STM32F1xx_HAL_Driver/Src/stm32f1xx_hal.o
                0x0800355c                HAL_GetTick
 .text.HAL_Delay
                0x08003568       0x24 ./Drivers/STM32F1xx_HAL_Driver/Src/stm32f1xx_hal.o
                0x08003568                HAL_Delay
 .text.HAL_ADC_PollForConversion
                0x0800358c      0x148 ./Drivers/STM32F1xx_HAL_Driver/Src/stm32f1xx_hal_adc.o
                0x0800358c                HAL_ADC_PollForConversion
 .text.HAL_ADC_ConvCpltCallback
                0x080036d4        0x2 ./Drivers/STM32F1xx_HAL_Driver/Src/stm32f1xx_hal_adc.o
                0x080036d4                HAL_ADC_ConvCpltCallback
 .text.ADC_DMAConvCplt
                0x080036d6       0x4e ./Drivers/STM32F1xx_HAL_Driver/Src/stm32f1xx_hal_adc.o
                0x080036d6                ADC_DMAConvCplt
 .text.HAL_ADC_ConvHalfCpltCallback
                0x08003724        0x2 ./Drivers/STM32F1xx_HAL_Driver/Src/stm32f1xx_hal_adc.o
                0x08003724                HAL_ADC_ConvHalfCpltCallback
 .text.ADC_DMAHalfConvCplt
                0x08003726        0xa ./Drivers/STM32F1xx_HAL_Driver/Src/stm32f1xx_hal_adc.o
                0x08003726                ADC_DMAHalfConvCplt
 .text.HAL_ADC_ErrorCallback
                0x08003730        0x2 ./Drivers/STM32F1xx_HAL_Driver/Src/stm32f1xx_hal_adc.o
                0x08003730                HAL_ADC_ErrorCallback
 .text.ADC_DMAError
                0x08003732       0x1a ./Drivers/STM32F1xx_HAL_Driver/Src/stm32f1xx_hal_adc.o
                0x08003732                ADC_DMAError
 .text.HAL_ADC_ConfigChannel
                0x0800374c       0xfc ./Drivers/STM32F1xx_HAL_Driver/Src/stm32f1xx_hal_adc.o
                0x0800374c                HAL_ADC_ConfigChannel
 .text.ADC_Enable
                0x08003848       0x78 ./Drivers/STM32F1xx_HAL_Driver/Src/stm32f1xx_hal_adc.o
                0x08003848                ADC_Enable
 .text.HAL_ADC_Start_DMA
                0x080038c0      0x11c ./Drivers/STM32F1xx_HAL_Driver/Src/stm32f1xx_hal_adc.o
                0x080038c0                HAL_ADC_Start_DMA
 .text.ADC_ConversionStop_Disable
                0x080039dc       0x4c ./Drivers/STM32F1xx_HAL_Driver/Src/stm32f1xx_hal_adc.o
                0x080039dc                ADC_ConversionStop_Disable
 .text.HAL_ADC_Init
                0x08003a28       0xfc ./Drivers/STM32F1xx_HAL_Driver/Src/stm32f1xx_hal_adc.o
                0x08003a28                HAL_ADC_Init
 .text.HAL_ADCEx_Calibration_Start
                0x08003b24       0xe0 ./Drivers/STM32F1xx_HAL_Driver/Src/stm32f1xx_hal_adc_ex.o
                0x08003b24                HAL_ADCEx_Calibration_Start
 .text.HAL_NVIC_SetPriorityGrouping
                0x08003c04       0x24 ./Drivers/STM32F1xx_HAL_Driver/Src/stm32f1xx_hal_cortex.o
                0x08003c04                HAL_NVIC_SetPriorityGrouping
 .text.HAL_NVIC_SetPriority
                0x08003c28       0x60 ./Drivers/STM32F1xx_HAL_Driver/Src/stm32f1xx_hal_cortex.o
                0x08003c28                HAL_NVIC_SetPriority
 .text.HAL_NVIC_EnableIRQ
                0x08003c88       0x1c ./Drivers/STM32F1xx_HAL_Driver/Src/stm32f1xx_hal_cortex.o
                0x08003c88                HAL_NVIC_EnableIRQ
 .text.HAL_SYSTICK_Config
                0x08003ca4       0x28 ./Drivers/STM32F1xx_HAL_Driver/Src/stm32f1xx_hal_cortex.o
                0x08003ca4                HAL_SYSTICK_Config
 .text.HAL_DMA_Init
                0x08003ccc       0x64 ./Drivers/STM32F1xx_HAL_Driver/Src/stm32f1xx_hal_dma.o
                0x08003ccc                HAL_DMA_Init
 .text.HAL_DMA_Start_IT
                0x08003d30       0x78 ./Drivers/STM32F1xx_HAL_Driver/Src/stm32f1xx_hal_dma.o
                0x08003d30                HAL_DMA_Start_IT
 .text.HAL_DMA_IRQHandler
                0x08003da8      0x128 ./Drivers/STM32F1xx_HAL_Driver/Src/stm32f1xx_hal_dma.o
                0x08003da8                HAL_DMA_IRQHandler
 .text.HAL_GPIO_Init
                0x08003ed0      0x1b0 ./Drivers/STM32F1xx_HAL_Driver/Src/stm32f1xx_hal_gpio.o
                0x08003ed0                HAL_GPIO_Init
 .text.HAL_GPIO_ReadPin
                0x08004080        0xc ./Drivers/STM32F1xx_HAL_Driver/Src/stm32f1xx_hal_gpio.o
                0x08004080                HAL_GPIO_ReadPin
 .text.HAL_GPIO_WritePin
                0x0800408c        0xa ./Drivers/STM32F1xx_HAL_Driver/Src/stm32f1xx_hal_gpio.o
                0x0800408c                HAL_GPIO_WritePin
 .text.HAL_GPIO_TogglePin
                0x08004096       0x12 ./Drivers/STM32F1xx_HAL_Driver/Src/stm32f1xx_hal_gpio.o
                0x08004096                HAL_GPIO_TogglePin
 .text.HAL_GPIO_EXTI_IRQHandler
                0x080040a8       0x18 ./Drivers/STM32F1xx_HAL_Driver/Src/stm32f1xx_hal_gpio.o
                0x080040a8                HAL_GPIO_EXTI_IRQHandler
 .text.I2C_IsAcknowledgeFailed
                0x080040c0       0x32 ./Drivers/STM32F1xx_HAL_Driver/Src/stm32f1xx_hal_i2c.o
 .text.I2C_WaitOnFlagUntilTimeout
                0x080040f2       0x80 ./Drivers/STM32F1xx_HAL_Driver/Src/stm32f1xx_hal_i2c.o
 .text.I2C_WaitOnMasterAddressFlagUntilTimeout
                0x08004172       0x84 ./Drivers/STM32F1xx_HAL_Driver/Src/stm32f1xx_hal_i2c.o
 .text.I2C_WaitOnTXEFlagUntilTimeout
                0x080041f6       0x54 ./Drivers/STM32F1xx_HAL_Driver/Src/stm32f1xx_hal_i2c.o
 *fill*         0x0800424a        0x2 
 .text.I2C_RequestMemoryWrite
                0x0800424c       0xb4 ./Drivers/STM32F1xx_HAL_Driver/Src/stm32f1xx_hal_i2c.o
 .text.I2C_RequestMemoryRead
                0x08004300      0x108 ./Drivers/STM32F1xx_HAL_Driver/Src/stm32f1xx_hal_i2c.o
 .text.I2C_WaitOnBTFFlagUntilTimeout
                0x08004408       0x54 ./Drivers/STM32F1xx_HAL_Driver/Src/stm32f1xx_hal_i2c.o
 .text.I2C_WaitOnRXNEFlagUntilTimeout
                0x0800445c       0x66 ./Drivers/STM32F1xx_HAL_Driver/Src/stm32f1xx_hal_i2c.o
 *fill*         0x080044c2        0x2 
 .text.HAL_I2C_Init
                0x080044c4      0x150 ./Drivers/STM32F1xx_HAL_Driver/Src/stm32f1xx_hal_i2c.o
                0x080044c4                HAL_I2C_Init
 .text.HAL_I2C_Master_Transmit
                0x08004614      0x1b4 ./Drivers/STM32F1xx_HAL_Driver/Src/stm32f1xx_hal_i2c.o
                0x08004614                HAL_I2C_Master_Transmit
 .text.HAL_I2C_Mem_Write
                0x080047c8      0x120 ./Drivers/STM32F1xx_HAL_Driver/Src/stm32f1xx_hal_i2c.o
                0x080047c8                HAL_I2C_Mem_Write
 .text.HAL_I2C_Mem_Read
                0x080048e8      0x288 ./Drivers/STM32F1xx_HAL_Driver/Src/stm32f1xx_hal_i2c.o
                0x080048e8                HAL_I2C_Mem_Read
 .text.HAL_RCC_OscConfig
                0x08004b70      0x338 ./Drivers/STM32F1xx_HAL_Driver/Src/stm32f1xx_hal_rcc.o
                0x08004b70                HAL_RCC_OscConfig
 .text.HAL_RCC_GetSysClockFreq
                0x08004ea8       0x4c ./Drivers/STM32F1xx_HAL_Driver/Src/stm32f1xx_hal_rcc.o
                0x08004ea8                HAL_RCC_GetSysClockFreq
 .text.HAL_RCC_ClockConfig
                0x08004ef4      0x138 ./Drivers/STM32F1xx_HAL_Driver/Src/stm32f1xx_hal_rcc.o
                0x08004ef4                HAL_RCC_ClockConfig
 .text.HAL_RCC_GetPCLK1Freq
                0x0800502c       0x20 ./Drivers/STM32F1xx_HAL_Driver/Src/stm32f1xx_hal_rcc.o
                0x0800502c                HAL_RCC_GetPCLK1Freq
 .text.HAL_RCC_GetPCLK2Freq
                0x0800504c       0x20 ./Drivers/STM32F1xx_HAL_Driver/Src/stm32f1xx_hal_rcc.o
                0x0800504c                HAL_RCC_GetPCLK2Freq
 .text.HAL_RCCEx_PeriphCLKConfig
                0x0800506c       0xf4 ./Drivers/STM32F1xx_HAL_Driver/Src/stm32f1xx_hal_rcc_ex.o
                0x0800506c                HAL_RCCEx_PeriphCLKConfig
 .text.HAL_RCCEx_GetPeriphCLKFreq
                0x08005160       0xbc ./Drivers/STM32F1xx_HAL_Driver/Src/stm32f1xx_hal_rcc_ex.o
                0x08005160                HAL_RCCEx_GetPeriphCLKFreq
 .text.TIM_OC1_SetConfig
                0x0800521c       0x50 ./Drivers/STM32F1xx_HAL_Driver/Src/stm32f1xx_hal_tim.o
 .text.TIM_OC3_SetConfig
                0x0800526c       0x54 ./Drivers/STM32F1xx_HAL_Driver/Src/stm32f1xx_hal_tim.o
 .text.TIM_OC4_SetConfig
                0x080052c0       0x44 ./Drivers/STM32F1xx_HAL_Driver/Src/stm32f1xx_hal_tim.o
 .text.HAL_TIM_Base_Start
                0x08005304       0x4c ./Drivers/STM32F1xx_HAL_Driver/Src/stm32f1xx_hal_tim.o
                0x08005304                HAL_TIM_Base_Start
 .text.HAL_TIM_Base_Start_IT
                0x08005350       0x54 ./Drivers/STM32F1xx_HAL_Driver/Src/stm32f1xx_hal_tim.o
                0x08005350                HAL_TIM_Base_Start_IT
 .text.HAL_TIM_PWM_MspInit
                0x080053a4        0x2 ./Drivers/STM32F1xx_HAL_Driver/Src/stm32f1xx_hal_tim.o
                0x080053a4                HAL_TIM_PWM_MspInit
 .text.HAL_TIM_PeriodElapsedCallback
                0x080053a6        0x2 ./Drivers/STM32F1xx_HAL_Driver/Src/stm32f1xx_hal_tim.o
                0x080053a6                HAL_TIM_PeriodElapsedCallback
 .text.HAL_TIM_OC_DelayElapsedCallback
                0x080053a8        0x2 ./Drivers/STM32F1xx_HAL_Driver/Src/stm32f1xx_hal_tim.o
                0x080053a8                HAL_TIM_OC_DelayElapsedCallback
 .text.HAL_TIM_IC_CaptureCallback
                0x080053aa        0x2 ./Drivers/STM32F1xx_HAL_Driver/Src/stm32f1xx_hal_tim.o
                0x080053aa                HAL_TIM_IC_CaptureCallback
 .text.HAL_TIM_PWM_PulseFinishedCallback
                0x080053ac        0x2 ./Drivers/STM32F1xx_HAL_Driver/Src/stm32f1xx_hal_tim.o
                0x080053ac                HAL_TIM_PWM_PulseFinishedCallback
 .text.HAL_TIM_TriggerCallback
                0x080053ae        0x2 ./Drivers/STM32F1xx_HAL_Driver/Src/stm32f1xx_hal_tim.o
                0x080053ae                HAL_TIM_TriggerCallback
 .text.HAL_TIM_IRQHandler
                0x080053b0      0x128 ./Drivers/STM32F1xx_HAL_Driver/Src/stm32f1xx_hal_tim.o
                0x080053b0                HAL_TIM_IRQHandler
 .text.TIM_Base_SetConfig
                0x080054d8       0x80 ./Drivers/STM32F1xx_HAL_Driver/Src/stm32f1xx_hal_tim.o
                0x080054d8                TIM_Base_SetConfig
 .text.HAL_TIM_Base_Init
                0x08005558       0x58 ./Drivers/STM32F1xx_HAL_Driver/Src/stm32f1xx_hal_tim.o
                0x08005558                HAL_TIM_Base_Init
 .text.HAL_TIM_PWM_Init
                0x080055b0       0x58 ./Drivers/STM32F1xx_HAL_Driver/Src/stm32f1xx_hal_tim.o
                0x080055b0                HAL_TIM_PWM_Init
 .text.TIM_OC2_SetConfig
                0x08005608       0x58 ./Drivers/STM32F1xx_HAL_Driver/Src/stm32f1xx_hal_tim.o
                0x08005608                TIM_OC2_SetConfig
 .text.HAL_TIM_PWM_ConfigChannel
                0x08005660       0xb0 ./Drivers/STM32F1xx_HAL_Driver/Src/stm32f1xx_hal_tim.o
                0x08005660                HAL_TIM_PWM_ConfigChannel
 .text.TIM_ETR_SetConfig
                0x08005710       0x14 ./Drivers/STM32F1xx_HAL_Driver/Src/stm32f1xx_hal_tim.o
                0x08005710                TIM_ETR_SetConfig
 .text.HAL_TIM_ConfigClockSource
                0x08005724      0x132 ./Drivers/STM32F1xx_HAL_Driver/Src/stm32f1xx_hal_tim.o
                0x08005724                HAL_TIM_ConfigClockSource
 .text.TIM_CCxChannelCmd
                0x08005856       0x1c ./Drivers/STM32F1xx_HAL_Driver/Src/stm32f1xx_hal_tim.o
                0x08005856                TIM_CCxChannelCmd
 *fill*         0x08005872        0x2 
 .text.HAL_TIM_OC_Start
                0x08005874       0x9c ./Drivers/STM32F1xx_HAL_Driver/Src/stm32f1xx_hal_tim.o
                0x08005874                HAL_TIM_OC_Start
 .text.HAL_TIM_PWM_Start
                0x08005910        0x4 ./Drivers/STM32F1xx_HAL_Driver/Src/stm32f1xx_hal_tim.o
                0x08005910                HAL_TIM_PWM_Start
 .text.HAL_TIMEx_MasterConfigSynchronization
                0x08005914       0x5c ./Drivers/STM32F1xx_HAL_Driver/Src/stm32f1xx_hal_tim_ex.o
                0x08005914                HAL_TIMEx_MasterConfigSynchronization
 .text.HAL_TIMEx_ConfigBreakDeadTime
                0x08005970       0x4c ./Drivers/STM32F1xx_HAL_Driver/Src/stm32f1xx_hal_tim_ex.o
                0x08005970                HAL_TIMEx_ConfigBreakDeadTime
 .text.HAL_TIMEx_CommutCallback
                0x080059bc        0x2 ./Drivers/STM32F1xx_HAL_Driver/Src/stm32f1xx_hal_tim_ex.o
                0x080059bc                HAL_TIMEx_CommutCallback
 .text.HAL_TIMEx_BreakCallback
                0x080059be        0x2 ./Drivers/STM32F1xx_HAL_Driver/Src/stm32f1xx_hal_tim_ex.o
                0x080059be                HAL_TIMEx_BreakCallback
 .text.UART_EndRxTransfer
                0x080059c0       0x5c ./Drivers/STM32F1xx_HAL_Driver/Src/stm32f1xx_hal_uart.o
 .text.UART_SetConfig
                0x08005a1c       0x74 ./Drivers/STM32F1xx_HAL_Driver/Src/stm32f1xx_hal_uart.o
 .text.UART_WaitOnFlagUntilTimeout.constprop.0
                0x08005a90       0x64 ./Drivers/STM32F1xx_HAL_Driver/Src/stm32f1xx_hal_uart.o
 .text.HAL_UART_Init
                0x08005af4       0x5e ./Drivers/STM32F1xx_HAL_Driver/Src/stm32f1xx_hal_uart.o
                0x08005af4                HAL_UART_Init
 .text.HAL_UART_Transmit
                0x08005b52       0x9c ./Drivers/STM32F1xx_HAL_Driver/Src/stm32f1xx_hal_uart.o
                0x08005b52                HAL_UART_Transmit
 .text.HAL_UART_RxHalfCpltCallback
                0x08005bee        0x2 ./Drivers/STM32F1xx_HAL_Driver/Src/stm32f1xx_hal_uart.o
                0x08005bee                HAL_UART_RxHalfCpltCallback
 .text.HAL_UART_ErrorCallback
                0x08005bf0        0x2 ./Drivers/STM32F1xx_HAL_Driver/Src/stm32f1xx_hal_uart.o
                0x08005bf0                HAL_UART_ErrorCallback
 .text.UART_DMAError
                0x08005bf2       0x5a ./Drivers/STM32F1xx_HAL_Driver/Src/stm32f1xx_hal_uart.o
 .text.HAL_UARTEx_RxEventCallback
                0x08005c4c        0x2 ./Drivers/STM32F1xx_HAL_Driver/Src/stm32f1xx_hal_uart.o
                0x08005c4c                HAL_UARTEx_RxEventCallback
 .text.UART_DMARxHalfCplt
                0x08005c4e       0x1e ./Drivers/STM32F1xx_HAL_Driver/Src/stm32f1xx_hal_uart.o
 .text.UART_DMAReceiveCplt
                0x08005c6c       0x98 ./Drivers/STM32F1xx_HAL_Driver/Src/stm32f1xx_hal_uart.o
 .text.UART_Start_Receive_DMA
                0x08005d04       0x98 ./Drivers/STM32F1xx_HAL_Driver/Src/stm32f1xx_hal_uart.o
                0x08005d04                UART_Start_Receive_DMA
 .text.HAL_UART_Receive_DMA
                0x08005d9c       0x22 ./Drivers/STM32F1xx_HAL_Driver/Src/stm32f1xx_hal_uart.o
                0x08005d9c                HAL_UART_Receive_DMA
 *fill*         0x08005dbe        0x2 
 .text.snprintf
                0x08005dc0       0x68 C:/ST/STM32CubeIDE_1.17.0/STM32CubeIDE/plugins/com.st.stm32cube.ide.mcu.externaltools.gnu-tools-for-stm32.12.3.rel1.win32_1.1.0.202410251130/tools/bin/../lib/gcc/arm-none-eabi/12.3.1/../../../../arm-none-eabi/lib/thumb/v7-m/nofp\libc_nano.a(libc_a-snprintf.o)
                0x08005dc0                sniprintf
                0x08005dc0                snprintf
 .text.sscanf   0x08005e28       0x54 C:/ST/STM32CubeIDE_1.17.0/STM32CubeIDE/plugins/com.st.stm32cube.ide.mcu.externaltools.gnu-tools-for-stm32.12.3.rel1.win32_1.1.0.202410251130/tools/bin/../lib/gcc/arm-none-eabi/12.3.1/../../../../arm-none-eabi/lib/thumb/v7-m/nofp\libc_nano.a(libc_a-sscanf.o)
                0x08005e28                siscanf
                0x08005e28                sscanf
 .text.__seofread
                0x08005e7c        0x4 C:/ST/STM32CubeIDE_1.17.0/STM32CubeIDE/plugins/com.st.stm32cube.ide.mcu.externaltools.gnu-tools-for-stm32.12.3.rel1.win32_1.1.0.202410251130/tools/bin/../lib/gcc/arm-none-eabi/12.3.1/../../../../arm-none-eabi/lib/thumb/v7-m/nofp\libc_nano.a(libc_a-stdio.o)
                0x08005e7c                __seofread
 .text.memset   0x08005e80       0x10 C:/ST/STM32CubeIDE_1.17.0/STM32CubeIDE/plugins/com.st.stm32cube.ide.mcu.externaltools.gnu-tools-for-stm32.12.3.rel1.win32_1.1.0.202410251130/tools/bin/../lib/gcc/arm-none-eabi/12.3.1/../../../../arm-none-eabi/lib/thumb/v7-m/nofp\libc_nano.a(libc_a-memset.o)
                0x08005e80                memset
 .text.__errno  0x08005e90        0xc C:/ST/STM32CubeIDE_1.17.0/STM32CubeIDE/plugins/com.st.stm32cube.ide.mcu.externaltools.gnu-tools-for-stm32.12.3.rel1.win32_1.1.0.202410251130/tools/bin/../lib/gcc/arm-none-eabi/12.3.1/../../../../arm-none-eabi/lib/thumb/v7-m/nofp\libc_nano.a(libc_a-errno.o)
                0x08005e90                __errno
 .text.__libc_init_array
                0x08005e9c       0x48 C:/ST/STM32CubeIDE_1.17.0/STM32CubeIDE/plugins/com.st.stm32cube.ide.mcu.externaltools.gnu-tools-for-stm32.12.3.rel1.win32_1.1.0.202410251130/tools/bin/../lib/gcc/arm-none-eabi/12.3.1/../../../../arm-none-eabi/lib/thumb/v7-m/nofp\libc_nano.a(libc_a-init.o)
                0x08005e9c                __libc_init_array
 .text.__retarget_lock_acquire_recursive
                0x08005ee4        0x2 C:/ST/STM32CubeIDE_1.17.0/STM32CubeIDE/plugins/com.st.stm32cube.ide.mcu.externaltools.gnu-tools-for-stm32.12.3.rel1.win32_1.1.0.202410251130/tools/bin/../lib/gcc/arm-none-eabi/12.3.1/../../../../arm-none-eabi/lib/thumb/v7-m/nofp\libc_nano.a(libc_a-lock.o)
                0x08005ee4                __retarget_lock_acquire_recursive
 .text.__retarget_lock_release_recursive
                0x08005ee6        0x2 C:/ST/STM32CubeIDE_1.17.0/STM32CubeIDE/plugins/com.st.stm32cube.ide.mcu.externaltools.gnu-tools-for-stm32.12.3.rel1.win32_1.1.0.202410251130/tools/bin/../lib/gcc/arm-none-eabi/12.3.1/../../../../arm-none-eabi/lib/thumb/v7-m/nofp\libc_nano.a(libc_a-lock.o)
                0x08005ee6                __retarget_lock_release_recursive
 .text.strcpy   0x08005ee8       0x10 C:/ST/STM32CubeIDE_1.17.0/STM32CubeIDE/plugins/com.st.stm32cube.ide.mcu.externaltools.gnu-tools-for-stm32.12.3.rel1.win32_1.1.0.202410251130/tools/bin/../lib/gcc/arm-none-eabi/12.3.1/../../../../arm-none-eabi/lib/thumb/v7-m/nofp\libc_nano.a(libc_a-strcpy.o)
                0x08005ee8                strcpy
 .text.memcpy   0x08005ef8       0x1c C:/ST/STM32CubeIDE_1.17.0/STM32CubeIDE/plugins/com.st.stm32cube.ide.mcu.externaltools.gnu-tools-for-stm32.12.3.rel1.win32_1.1.0.202410251130/tools/bin/../lib/gcc/arm-none-eabi/12.3.1/../../../../arm-none-eabi/lib/thumb/v7-m/nofp\libc_nano.a(libc_a-memcpy-stub.o)
                0x08005ef8                memcpy
 .text._free_r  0x08005f14       0x90 C:/ST/STM32CubeIDE_1.17.0/STM32CubeIDE/plugins/com.st.stm32cube.ide.mcu.externaltools.gnu-tools-for-stm32.12.3.rel1.win32_1.1.0.202410251130/tools/bin/../lib/gcc/arm-none-eabi/12.3.1/../../../../arm-none-eabi/lib/thumb/v7-m/nofp\libc_nano.a(libc_a-freer.o)
                0x08005f14                _free_r
 .text.sbrk_aligned
                0x08005fa4       0x44 C:/ST/STM32CubeIDE_1.17.0/STM32CubeIDE/plugins/com.st.stm32cube.ide.mcu.externaltools.gnu-tools-for-stm32.12.3.rel1.win32_1.1.0.202410251130/tools/bin/../lib/gcc/arm-none-eabi/12.3.1/../../../../arm-none-eabi/lib/thumb/v7-m/nofp\libc_nano.a(libc_a-mallocr.o)
 .text._malloc_r
                0x08005fe8      0x100 C:/ST/STM32CubeIDE_1.17.0/STM32CubeIDE/plugins/com.st.stm32cube.ide.mcu.externaltools.gnu-tools-for-stm32.12.3.rel1.win32_1.1.0.202410251130/tools/bin/../lib/gcc/arm-none-eabi/12.3.1/../../../../arm-none-eabi/lib/thumb/v7-m/nofp\libc_nano.a(libc_a-mallocr.o)
                0x08005fe8                _malloc_r
 .text.__malloc_lock
                0x080060e8        0xc C:/ST/STM32CubeIDE_1.17.0/STM32CubeIDE/plugins/com.st.stm32cube.ide.mcu.externaltools.gnu-tools-for-stm32.12.3.rel1.win32_1.1.0.202410251130/tools/bin/../lib/gcc/arm-none-eabi/12.3.1/../../../../arm-none-eabi/lib/thumb/v7-m/nofp\libc_nano.a(libc_a-mlock.o)
                0x080060e8                __malloc_lock
 .text.__malloc_unlock
                0x080060f4        0xc C:/ST/STM32CubeIDE_1.17.0/STM32CubeIDE/plugins/com.st.stm32cube.ide.mcu.externaltools.gnu-tools-for-stm32.12.3.rel1.win32_1.1.0.202410251130/tools/bin/../lib/gcc/arm-none-eabi/12.3.1/../../../../arm-none-eabi/lib/thumb/v7-m/nofp\libc_nano.a(libc_a-mlock.o)
                0x080060f4                __malloc_unlock
 .text.__ssputs_r
                0x08006100       0xb6 C:/ST/STM32CubeIDE_1.17.0/STM32CubeIDE/plugins/com.st.stm32cube.ide.mcu.externaltools.gnu-tools-for-stm32.12.3.rel1.win32_1.1.0.202410251130/tools/bin/../lib/gcc/arm-none-eabi/12.3.1/../../../../arm-none-eabi/lib/thumb/v7-m/nofp\libc_nano.a(libc_a-nano-svfprintf.o)
                0x08006100                __ssputs_r
 *fill*         0x080061b6        0x2 
 .text._svfprintf_r
                0x080061b8      0x1f8 C:/ST/STM32CubeIDE_1.17.0/STM32CubeIDE/plugins/com.st.stm32cube.ide.mcu.externaltools.gnu-tools-for-stm32.12.3.rel1.win32_1.1.0.202410251130/tools/bin/../lib/gcc/arm-none-eabi/12.3.1/../../../../arm-none-eabi/lib/thumb/v7-m/nofp\libc_nano.a(libc_a-nano-svfprintf.o)
                0x080061b8                _svfiprintf_r
                0x080061b8                _svfprintf_r
 .text._sungetc_r
                0x080063b0       0x76 C:/ST/STM32CubeIDE_1.17.0/STM32CubeIDE/plugins/com.st.stm32cube.ide.mcu.externaltools.gnu-tools-for-stm32.12.3.rel1.win32_1.1.0.202410251130/tools/bin/../lib/gcc/arm-none-eabi/12.3.1/../../../../arm-none-eabi/lib/thumb/v7-m/nofp\libc_nano.a(libc_a-nano-svfscanf.o)
                0x080063b0                _sungetc_r
 .text.__ssrefill_r
                0x08006426       0x3a C:/ST/STM32CubeIDE_1.17.0/STM32CubeIDE/plugins/com.st.stm32cube.ide.mcu.externaltools.gnu-tools-for-stm32.12.3.rel1.win32_1.1.0.202410251130/tools/bin/../lib/gcc/arm-none-eabi/12.3.1/../../../../arm-none-eabi/lib/thumb/v7-m/nofp\libc_nano.a(libc_a-nano-svfscanf.o)
                0x08006426                __ssrefill_r
 .text.__ssvfscanf_r
                0x08006460      0x2e4 C:/ST/STM32CubeIDE_1.17.0/STM32CubeIDE/plugins/com.st.stm32cube.ide.mcu.externaltools.gnu-tools-for-stm32.12.3.rel1.win32_1.1.0.202410251130/tools/bin/../lib/gcc/arm-none-eabi/12.3.1/../../../../arm-none-eabi/lib/thumb/v7-m/nofp\libc_nano.a(libc_a-nano-svfscanf.o)
                0x08006460                __ssvfiscanf_r
                0x08006460                __ssvfscanf_r
 .text._printf_common
                0x08006744       0xe4 C:/ST/STM32CubeIDE_1.17.0/STM32CubeIDE/plugins/com.st.stm32cube.ide.mcu.externaltools.gnu-tools-for-stm32.12.3.rel1.win32_1.1.0.202410251130/tools/bin/../lib/gcc/arm-none-eabi/12.3.1/../../../../arm-none-eabi/lib/thumb/v7-m/nofp\libc_nano.a(libc_a-nano-vfprintf_i.o)
                0x08006744                _printf_common
 .text._printf_i
                0x08006828      0x240 C:/ST/STM32CubeIDE_1.17.0/STM32CubeIDE/plugins/com.st.stm32cube.ide.mcu.externaltools.gnu-tools-for-stm32.12.3.rel1.win32_1.1.0.202410251130/tools/bin/../lib/gcc/arm-none-eabi/12.3.1/../../../../arm-none-eabi/lib/thumb/v7-m/nofp\libc_nano.a(libc_a-nano-vfprintf_i.o)
                0x08006828                _printf_i
 .text._scanf_chars
                0x08006a68       0xb4 C:/ST/STM32CubeIDE_1.17.0/STM32CubeIDE/plugins/com.st.stm32cube.ide.mcu.externaltools.gnu-tools-for-stm32.12.3.rel1.win32_1.1.0.202410251130/tools/bin/../lib/gcc/arm-none-eabi/12.3.1/../../../../arm-none-eabi/lib/thumb/v7-m/nofp\libc_nano.a(libc_a-nano-vfscanf_i.o)
                0x08006a68                _scanf_chars
 .text._scanf_i
                0x08006b1c      0x1e4 C:/ST/STM32CubeIDE_1.17.0/STM32CubeIDE/plugins/com.st.stm32cube.ide.mcu.externaltools.gnu-tools-for-stm32.12.3.rel1.win32_1.1.0.202410251130/tools/bin/../lib/gcc/arm-none-eabi/12.3.1/../../../../arm-none-eabi/lib/thumb/v7-m/nofp\libc_nano.a(libc_a-nano-vfscanf_i.o)
                0x08006b1c                _scanf_i
 .text.__sccl   0x08006d00       0x72 C:/ST/STM32CubeIDE_1.17.0/STM32CubeIDE/plugins/com.st.stm32cube.ide.mcu.externaltools.gnu-tools-for-stm32.12.3.rel1.win32_1.1.0.202410251130/tools/bin/../lib/gcc/arm-none-eabi/12.3.1/../../../../arm-none-eabi/lib/thumb/v7-m/nofp\libc_nano.a(libc_a-sccl.o)
                0x08006d00                __sccl
 .text.__submore
                0x08006d72       0x70 C:/ST/STM32CubeIDE_1.17.0/STM32CubeIDE/plugins/com.st.stm32cube.ide.mcu.externaltools.gnu-tools-for-stm32.12.3.rel1.win32_1.1.0.202410251130/tools/bin/../lib/gcc/arm-none-eabi/12.3.1/../../../../arm-none-eabi/lib/thumb/v7-m/nofp\libc_nano.a(libc_a-ungetc.o)
                0x08006d72                __submore
 .text.memmove  0x08006de2       0x34 C:/ST/STM32CubeIDE_1.17.0/STM32CubeIDE/plugins/com.st.stm32cube.ide.mcu.externaltools.gnu-tools-for-stm32.12.3.rel1.win32_1.1.0.202410251130/tools/bin/../lib/gcc/arm-none-eabi/12.3.1/../../../../arm-none-eabi/lib/thumb/v7-m/nofp\libc_nano.a(libc_a-memmove.o)
                0x08006de2                memmove
 *fill*         0x08006e16        0x2 
 .text._sbrk_r  0x08006e18       0x20 C:/ST/STM32CubeIDE_1.17.0/STM32CubeIDE/plugins/com.st.stm32cube.ide.mcu.externaltools.gnu-tools-for-stm32.12.3.rel1.win32_1.1.0.202410251130/tools/bin/../lib/gcc/arm-none-eabi/12.3.1/../../../../arm-none-eabi/lib/thumb/v7-m/nofp\libc_nano.a(libc_a-sbrkr.o)
                0x08006e18                _sbrk_r
 .text.memchr   0x08006e38       0x1c C:/ST/STM32CubeIDE_1.17.0/STM32CubeIDE/plugins/com.st.stm32cube.ide.mcu.externaltools.gnu-tools-for-stm32.12.3.rel1.win32_1.1.0.202410251130/tools/bin/../lib/gcc/arm-none-eabi/12.3.1/../../../../arm-none-eabi/lib/thumb/v7-m/nofp\libc_nano.a(libc_a-memchr-stub.o)
                0x08006e38                memchr
 .text._realloc_r
                0x08006e54       0x5c C:/ST/STM32CubeIDE_1.17.0/STM32CubeIDE/plugins/com.st.stm32cube.ide.mcu.externaltools.gnu-tools-for-stm32.12.3.rel1.win32_1.1.0.202410251130/tools/bin/../lib/gcc/arm-none-eabi/12.3.1/../../../../arm-none-eabi/lib/thumb/v7-m/nofp\libc_nano.a(libc_a-reallocr.o)
                0x08006e54                _realloc_r
 .text._strtol_l.constprop.0
                0x08006eb0       0xf4 C:/ST/STM32CubeIDE_1.17.0/STM32CubeIDE/plugins/com.st.stm32cube.ide.mcu.externaltools.gnu-tools-for-stm32.12.3.rel1.win32_1.1.0.202410251130/tools/bin/../lib/gcc/arm-none-eabi/12.3.1/../../../../arm-none-eabi/lib/thumb/v7-m/nofp\libc_nano.a(libc_a-strtol.o)
 .text._strtol_r
                0x08006fa4        0x4 C:/ST/STM32CubeIDE_1.17.0/STM32CubeIDE/plugins/com.st.stm32cube.ide.mcu.externaltools.gnu-tools-for-stm32.12.3.rel1.win32_1.1.0.202410251130/tools/bin/../lib/gcc/arm-none-eabi/12.3.1/../../../../arm-none-eabi/lib/thumb/v7-m/nofp\libc_nano.a(libc_a-strtol.o)
                0x08006fa4                _strtol_r
 .text._strtoul_l.constprop.0
                0x08006fa8       0xdc C:/ST/STM32CubeIDE_1.17.0/STM32CubeIDE/plugins/com.st.stm32cube.ide.mcu.externaltools.gnu-tools-for-stm32.12.3.rel1.win32_1.1.0.202410251130/tools/bin/../lib/gcc/arm-none-eabi/12.3.1/../../../../arm-none-eabi/lib/thumb/v7-m/nofp\libc_nano.a(libc_a-strtoul.o)
 .text._strtoul_r
                0x08007084        0x4 C:/ST/STM32CubeIDE_1.17.0/STM32CubeIDE/plugins/com.st.stm32cube.ide.mcu.externaltools.gnu-tools-for-stm32.12.3.rel1.win32_1.1.0.202410251130/tools/bin/../lib/gcc/arm-none-eabi/12.3.1/../../../../arm-none-eabi/lib/thumb/v7-m/nofp\libc_nano.a(libc_a-strtoul.o)
                0x08007084                _strtoul_r
 .text._malloc_usable_size_r
                0x08007088       0x10 C:/ST/STM32CubeIDE_1.17.0/STM32CubeIDE/plugins/com.st.stm32cube.ide.mcu.externaltools.gnu-tools-for-stm32.12.3.rel1.win32_1.1.0.202410251130/tools/bin/../lib/gcc/arm-none-eabi/12.3.1/../../../../arm-none-eabi/lib/thumb/v7-m/nofp\libc_nano.a(libc_a-msizer.o)
                0x08007088                _malloc_usable_size_r
 *(.glue_7)
 .glue_7        0x08007098        0x0 linker stubs
 *(.glue_7t)
 .glue_7t       0x08007098        0x0 linker stubs
 *(.eh_frame)
 .eh_frame      0x08007098        0x0 C:/ST/STM32CubeIDE_1.17.0/STM32CubeIDE/plugins/com.st.stm32cube.ide.mcu.externaltools.gnu-tools-for-stm32.12.3.rel1.win32_1.1.0.202410251130/tools/bin/../lib/gcc/arm-none-eabi/12.3.1/thumb/v7-m/nofp/crtbegin.o
 *(.init)
 .init          0x08007098        0x4 C:/ST/STM32CubeIDE_1.17.0/STM32CubeIDE/plugins/com.st.stm32cube.ide.mcu.externaltools.gnu-tools-for-stm32.12.3.rel1.win32_1.1.0.202410251130/tools/bin/../lib/gcc/arm-none-eabi/12.3.1/thumb/v7-m/nofp/crti.o
                0x08007098                _init
 .init          0x0800709c        0x8 C:/ST/STM32CubeIDE_1.17.0/STM32CubeIDE/plugins/com.st.stm32cube.ide.mcu.externaltools.gnu-tools-for-stm32.12.3.rel1.win32_1.1.0.202410251130/tools/bin/../lib/gcc/arm-none-eabi/12.3.1/thumb/v7-m/nofp/crtn.o
 *(.fini)
 .fini          0x080070a4        0x4 C:/ST/STM32CubeIDE_1.17.0/STM32CubeIDE/plugins/com.st.stm32cube.ide.mcu.externaltools.gnu-tools-for-stm32.12.3.rel1.win32_1.1.0.202410251130/tools/bin/../lib/gcc/arm-none-eabi/12.3.1/thumb/v7-m/nofp/crti.o
                0x080070a4                _fini
 .fini          0x080070a8        0x8 C:/ST/STM32CubeIDE_1.17.0/STM32CubeIDE/plugins/com.st.stm32cube.ide.mcu.externaltools.gnu-tools-for-stm32.12.3.rel1.win32_1.1.0.202410251130/tools/bin/../lib/gcc/arm-none-eabi/12.3.1/thumb/v7-m/nofp/crtn.o
                0x080070b0                        . = ALIGN (0x4)
                0x080070b0                        _etext = .

.vfp11_veneer   0x080070b0        0x0
 .vfp11_veneer  0x080070b0        0x0 linker stubs

.v4_bx          0x080070b0        0x0
 .v4_bx         0x080070b0        0x0 linker stubs

.iplt           0x080070b0        0x0
 .iplt          0x080070b0        0x0 C:/ST/STM32CubeIDE_1.17.0/STM32CubeIDE/plugins/com.st.stm32cube.ide.mcu.externaltools.gnu-tools-for-stm32.12.3.rel1.win32_1.1.0.202410251130/tools/bin/../lib/gcc/arm-none-eabi/12.3.1/thumb/v7-m/nofp/crtbegin.o

.rodata         0x080070b0      0x314
                0x080070b0                        . = ALIGN (0x4)
 *(.rodata)
 .rodata        0x080070b0        0x6 ./Core/Src/myBQ76942_I2C.o
 *fill*         0x080070b6        0x2 
 .rodata        0x080070b8        0xc C:/ST/STM32CubeIDE_1.17.0/STM32CubeIDE/plugins/com.st.stm32cube.ide.mcu.externaltools.gnu-tools-for-stm32.12.3.rel1.win32_1.1.0.202410251130/tools/bin/../lib/gcc/arm-none-eabi/12.3.1/../../../../arm-none-eabi/lib/thumb/v7-m/nofp\libc_nano.a(libc_a-nano-vfscanf_i.o)
 *(.rodata*)
 .rodata.handle_uart_command.str1.1
                0x080070c4        0x5 ./Core/Src/_BMS.o
 .rodata.bmsReadnumcharged.str1.1
                0x080070c9        0x5 ./Core/Src/_BMS.o
 .rodata.bmsIncreasenumcharged.str1.1
                0x080070ce        0x5 ./Core/Src/_BMS.o
 .rodata.hmiUpdatemessageVN.str1.1
                0x080070d3      0x14f ./Core/Src/_HMI.o
                                0x150 (size before relaxing)
 .rodata.hmiUpdatedisplay.str1.1
                0x08007222       0x15 ./Core/Src/_HMI.o
 .rodata.APBPrescTable
                0x08007237        0x8 ./Core/Src/system_stm32f1xx.o
                0x08007237                APBPrescTable
 .rodata.AHBPrescTable
                0x0800723f       0x10 ./Core/Src/system_stm32f1xx.o
                0x0800723f                AHBPrescTable
 .rodata.aPredivFactorTable.0
                0x0800724f        0x2 ./Drivers/STM32F1xx_HAL_Driver/Src/stm32f1xx_hal_rcc.o
 .rodata.aPLLMULFactorTable.1
                0x08007251       0x10 ./Drivers/STM32F1xx_HAL_Driver/Src/stm32f1xx_hal_rcc.o
 .rodata.aPredivFactorTable.0
                0x08007261        0x2 ./Drivers/STM32F1xx_HAL_Driver/Src/stm32f1xx_hal_rcc_ex.o
 .rodata.aPLLMULFactorTable.1
                0x08007263       0x10 ./Drivers/STM32F1xx_HAL_Driver/Src/stm32f1xx_hal_rcc_ex.o
 .rodata._svfprintf_r.str1.1
                0x08007273       0x11 C:/ST/STM32CubeIDE_1.17.0/STM32CubeIDE/plugins/com.st.stm32cube.ide.mcu.externaltools.gnu-tools-for-stm32.12.3.rel1.win32_1.1.0.202410251130/tools/bin/../lib/gcc/arm-none-eabi/12.3.1/../../../../arm-none-eabi/lib/thumb/v7-m/nofp\libc_nano.a(libc_a-nano-svfprintf.o)
 .rodata.__ssvfscanf_r.str1.1
                0x08007284        0x4 C:/ST/STM32CubeIDE_1.17.0/STM32CubeIDE/plugins/com.st.stm32cube.ide.mcu.externaltools.gnu-tools-for-stm32.12.3.rel1.win32_1.1.0.202410251130/tools/bin/../lib/gcc/arm-none-eabi/12.3.1/../../../../arm-none-eabi/lib/thumb/v7-m/nofp\libc_nano.a(libc_a-nano-svfscanf.o)
 .rodata._printf_i.str1.1
                0x08007284       0x22 C:/ST/STM32CubeIDE_1.17.0/STM32CubeIDE/plugins/com.st.stm32cube.ide.mcu.externaltools.gnu-tools-for-stm32.12.3.rel1.win32_1.1.0.202410251130/tools/bin/../lib/gcc/arm-none-eabi/12.3.1/../../../../arm-none-eabi/lib/thumb/v7-m/nofp\libc_nano.a(libc_a-nano-vfprintf_i.o)
 .rodata._scanf_i.str1.1
                0x080072a6       0x12 C:/ST/STM32CubeIDE_1.17.0/STM32CubeIDE/plugins/com.st.stm32cube.ide.mcu.externaltools.gnu-tools-for-stm32.12.3.rel1.win32_1.1.0.202410251130/tools/bin/../lib/gcc/arm-none-eabi/12.3.1/../../../../arm-none-eabi/lib/thumb/v7-m/nofp\libc_nano.a(libc_a-nano-vfscanf_i.o)
 .rodata.str1.1
                0x080072b8        0x9 C:/ST/STM32CubeIDE_1.17.0/STM32CubeIDE/plugins/com.st.stm32cube.ide.mcu.externaltools.gnu-tools-for-stm32.12.3.rel1.win32_1.1.0.202410251130/tools/bin/../lib/gcc/arm-none-eabi/12.3.1/../../../../arm-none-eabi/lib/thumb/v7-m/nofp\libc_nano.a(libc_a-nano-vfscanf_i.o)
 .rodata._ctype_
                0x080072c1      0x101 C:/ST/STM32CubeIDE_1.17.0/STM32CubeIDE/plugins/com.st.stm32cube.ide.mcu.externaltools.gnu-tools-for-stm32.12.3.rel1.win32_1.1.0.202410251130/tools/bin/../lib/gcc/arm-none-eabi/12.3.1/../../../../arm-none-eabi/lib/thumb/v7-m/nofp\libc_nano.a(libc_a-ctype_.o)
                0x080072c1                _ctype_
                0x080073c4                        . = ALIGN (0x4)
 *fill*         0x080073c2        0x2 

.ARM.extab      0x080073c4        0x0
                0x080073c4                        . = ALIGN (0x4)
 *(.ARM.extab* .gnu.linkonce.armextab.*)
                0x080073c4                        . = ALIGN (0x4)

.ARM            0x080073c4        0x8
                0x080073c4                        . = ALIGN (0x4)
                0x080073c4                        __exidx_start = .
 *(.ARM.exidx*)
 .ARM.exidx     0x080073c4        0x8 C:/ST/STM32CubeIDE_1.17.0/STM32CubeIDE/plugins/com.st.stm32cube.ide.mcu.externaltools.gnu-tools-for-stm32.12.3.rel1.win32_1.1.0.202410251130/tools/bin/../lib/gcc/arm-none-eabi/12.3.1/../../../../arm-none-eabi/lib/thumb/v7-m/nofp\libc_nano.a(libc_a-strlen.o)
                0x080073cc                        __exidx_end = .
                0x080073cc                        . = ALIGN (0x4)

.preinit_array  0x080073cc        0x0
                0x080073cc                        . = ALIGN (0x4)
                0x080073cc                        PROVIDE (__preinit_array_start = .)
 *(.preinit_array*)
                0x080073cc                        PROVIDE (__preinit_array_end = .)
                0x080073cc                        . = ALIGN (0x4)

.init_array     0x080073cc        0x4
                0x080073cc                        . = ALIGN (0x4)
                0x080073cc                        PROVIDE (__init_array_start = .)
 *(SORT_BY_NAME(.init_array.*))
 *(.init_array*)
 .init_array    0x080073cc        0x4 C:/ST/STM32CubeIDE_1.17.0/STM32CubeIDE/plugins/com.st.stm32cube.ide.mcu.externaltools.gnu-tools-for-stm32.12.3.rel1.win32_1.1.0.202410251130/tools/bin/../lib/gcc/arm-none-eabi/12.3.1/thumb/v7-m/nofp/crtbegin.o
                0x080073d0                        PROVIDE (__init_array_end = .)
                0x080073d0                        . = ALIGN (0x4)

.fini_array     0x080073d0        0x4
                0x080073d0                        . = ALIGN (0x4)
                [!provide]                        PROVIDE (__fini_array_start = .)
 *(SORT_BY_NAME(.fini_array.*))
 *(.fini_array*)
 .fini_array    0x080073d0        0x4 C:/ST/STM32CubeIDE_1.17.0/STM32CubeIDE/plugins/com.st.stm32cube.ide.mcu.externaltools.gnu-tools-for-stm32.12.3.rel1.win32_1.1.0.202410251130/tools/bin/../lib/gcc/arm-none-eabi/12.3.1/thumb/v7-m/nofp/crtbegin.o
                [!provide]                        PROVIDE (__fini_array_end = .)
                0x080073d4                        . = ALIGN (0x4)
                0x080073d4                        _sidata = LOADADDR (.data)

.rel.dyn        0x080073d4        0x0
 .rel.iplt      0x080073d4        0x0 C:/ST/STM32CubeIDE_1.17.0/STM32CubeIDE/plugins/com.st.stm32cube.ide.mcu.externaltools.gnu-tools-for-stm32.12.3.rel1.win32_1.1.0.202410251130/tools/bin/../lib/gcc/arm-none-eabi/12.3.1/thumb/v7-m/nofp/crtbegin.o

.data           0x20000000      0x118 load address 0x080073d4
                0x20000000                        . = ALIGN (0x4)
                0x20000000                        _sdata = .
 *(.data)
 *(.data*)
 .data.thisHMI  0x20000000       0xac ./Core/Src/_HMI.o
                0x20000000                thisHMI
 .data.instantPeriod.0
                0x200000ac        0x2 ./Core/Src/_SystemState.o
 *fill*         0x200000ae        0x2 
 .data.f_iV.8   0x200000b0        0x4 ./Core/Src/_controller.o
 .data.blinkPeriod
                0x200000b4        0x2 ./Core/Src/globalDefine.o
                0x200000b4                blinkPeriod
 .data.ROW_ADDR
                0x200000b6        0x4 ./Core/Src/myI2CLCD.o
                0x200000b6                ROW_ADDR
 *fill*         0x200000ba        0x2 
 .data.SystemCoreClock
                0x200000bc        0x4 ./Core/Src/system_stm32f1xx.o
                0x200000bc                SystemCoreClock
 .data.uwTickFreq
                0x200000c0        0x1 ./Drivers/STM32F1xx_HAL_Driver/Src/stm32f1xx_hal.o
                0x200000c0                uwTickFreq
 *fill*         0x200000c1        0x3 
 .data.uwTickPrio
                0x200000c4        0x4 ./Drivers/STM32F1xx_HAL_Driver/Src/stm32f1xx_hal.o
                0x200000c4                uwTickPrio
 .data._impure_ptr
                0x200000c8        0x4 C:/ST/STM32CubeIDE_1.17.0/STM32CubeIDE/plugins/com.st.stm32cube.ide.mcu.externaltools.gnu-tools-for-stm32.12.3.rel1.win32_1.1.0.202410251130/tools/bin/../lib/gcc/arm-none-eabi/12.3.1/../../../../arm-none-eabi/lib/thumb/v7-m/nofp\libc_nano.a(libc_a-impure.o)
                0x200000c8                _impure_ptr
 .data._impure_data
                0x200000cc       0x4c C:/ST/STM32CubeIDE_1.17.0/STM32CubeIDE/plugins/com.st.stm32cube.ide.mcu.externaltools.gnu-tools-for-stm32.12.3.rel1.win32_1.1.0.202410251130/tools/bin/../lib/gcc/arm-none-eabi/12.3.1/../../../../arm-none-eabi/lib/thumb/v7-m/nofp\libc_nano.a(libc_a-impure.o)
                0x200000cc                _impure_data
 *(.RamFunc)
 *(.RamFunc*)
                0x20000118                        . = ALIGN (0x4)
                0x20000118                        _edata = .

.igot.plt       0x20000118        0x0 load address 0x080074ec
 .igot.plt      0x20000118        0x0 C:/ST/STM32CubeIDE_1.17.0/STM32CubeIDE/plugins/com.st.stm32cube.ide.mcu.externaltools.gnu-tools-for-stm32.12.3.rel1.win32_1.1.0.202410251130/tools/bin/../lib/gcc/arm-none-eabi/12.3.1/thumb/v7-m/nofp/crtbegin.o
                0x20000118                        . = ALIGN (0x4)

.bss            0x20000118      0x600 load address 0x080074ec
                0x20000118                        _sbss = .
                0x20000118                        __bss_start__ = _sbss
 *(.bss)
 .bss           0x20000118       0x1c C:/ST/STM32CubeIDE_1.17.0/STM32CubeIDE/plugins/com.st.stm32cube.ide.mcu.externaltools.gnu-tools-for-stm32.12.3.rel1.win32_1.1.0.202410251130/tools/bin/../lib/gcc/arm-none-eabi/12.3.1/thumb/v7-m/nofp/crtbegin.o
 *(.bss*)
 .bss.cnt_1s.1  0x20000134        0x2 ./Core/Src/_BMS.o
 .bss.cnt_1ms.2
                0x20000136        0x2 ./Core/Src/_BMS.o
 .bss.uart_data_ready
                0x20000138        0x1 ./Core/Src/_BMS.o
                0x20000138                uart_data_ready
 *fill*         0x20000139        0x1 
 .bss.uart_rx_index
                0x2000013a        0x2 ./Core/Src/_BMS.o
                0x2000013a                uart_rx_index
 .bss.flgNumberOfChargeHMI
                0x2000013c        0x1 ./Core/Src/_BMS.o
                0x2000013c                flgNumberOfChargeHMI
 .bss.flgStop_Button_Pressed
                0x2000013d        0x1 ./Core/Src/_BMS.o
                0x2000013d                flgStop_Button_Pressed
 .bss.flgChargingBalancing_Button_Pressed
                0x2000013e        0x1 ./Core/Src/_BMS.o
                0x2000013e                flgChargingBalancing_Button_Pressed
 *fill*         0x2000013f        0x1 
 .bss.thisCharger
                0x20000140       0x44 ./Core/Src/_BMS.o
                0x20000140                thisCharger
 .bss.CV_Controller
                0x20000184       0x30 ./Core/Src/_BMS.o
                0x20000184                CV_Controller
 .bss.CC_Controller
                0x200001b4       0x30 ./Core/Src/_BMS.o
                0x200001b4                CC_Controller
 .bss.thisPriMCU
                0x200001e4       0x12 ./Core/Src/_BMS.o
                0x200001e4                thisPriMCU
 *fill*         0x200001f6        0x2 
 .bss.thisFAN   0x200001f8       0x14 ./Core/Src/_BMS.o
                0x200001f8                thisFAN
 .bss.thisPWM   0x2000020c       0x10 ./Core/Src/_BMS.o
                0x2000020c                thisPWM
 .bss.thisADC   0x2000021c       0x10 ./Core/Src/_BMS.o
                0x2000021c                thisADC
 .bss.thisBMS   0x2000022c       0x28 ./Core/Src/_BMS.o
                0x2000022c                thisBMS
 .bss.thisBattery
                0x20000254       0x5c ./Core/Src/_Battery.o
                0x20000254                thisBattery
 .bss.thisCellBalancing
                0x200002b0        0x6 ./Core/Src/_CellBalancing.o
                0x200002b0                thisCellBalancing
 .bss._lineBlinked
                0x200002b6        0x1 ./Core/Src/_HMI.o
                0x200002b6                _lineBlinked
 *fill*         0x200002b7        0x1 
 .bss.thisSpeaker
                0x200002b8        0xc ./Core/Src/_Speaker.o
                0x200002b8                thisSpeaker
 .bss.delayCycleCnt.1
                0x200002c4        0x4 ./Core/Src/_SystemState.o
 .bss.f_i_ref_rampup.0
                0x200002c8        0x4 ./Core/Src/_controller.o
 .bss.f_iI.4    0x200002cc        0x4 ./Core/Src/_controller.o
 .bss.f_eI_old.6
                0x200002d0        0x4 ./Core/Src/_controller.o
 .bss.f_eV_old.10
                0x200002d4        0x4 ./Core/Src/_controller.o
 .bss.rampup    0x200002d8        0x4 ./Core/Src/_controller.o
                0x200002d8                rampup
 .bss.g_cnt_stateSW
                0x200002dc        0x2 ./Core/Src/globalDefine.o
                0x200002dc                g_cnt_stateSW
 .bss.cnt_Led_Update
                0x200002de        0x2 ./Core/Src/globalDefine.o
                0x200002de                cnt_Led_Update
 .bss.g_elapsetime
                0x200002e0        0x2 ./Core/Src/main.o
                0x200002e0                g_elapsetime
 .bss.g_endtime
                0x200002e2        0x2 ./Core/Src/main.o
                0x200002e2                g_endtime
 .bss.g_starttime
                0x200002e4        0x2 ./Core/Src/main.o
                0x200002e4                g_starttime
 .bss.EXT_Count
                0x200002e6        0x2 ./Core/Src/main.o
                0x200002e6                EXT_Count
 .bss.ISR_Count
                0x200002e8        0x4 ./Core/Src/main.o
                0x200002e8                ISR_Count
 .bss.hdma_usart1_rx
                0x200002ec       0x44 ./Core/Src/main.o
                0x200002ec                hdma_usart1_rx
 .bss.hdma_usart1_tx
                0x20000330       0x44 ./Core/Src/main.o
                0x20000330                hdma_usart1_tx
 .bss.huart1    0x20000374       0x48 ./Core/Src/main.o
                0x20000374                huart1
 .bss.htim4     0x200003bc       0x48 ./Core/Src/main.o
                0x200003bc                htim4
 .bss.htim3     0x20000404       0x48 ./Core/Src/main.o
                0x20000404                htim3
 .bss.htim2     0x2000044c       0x48 ./Core/Src/main.o
                0x2000044c                htim2
 .bss.htim1     0x20000494       0x48 ./Core/Src/main.o
                0x20000494                htim1
 .bss.hi2c1     0x200004dc       0x54 ./Core/Src/main.o
                0x200004dc                hi2c1
 .bss.hdma_adc1
                0x20000530       0x44 ./Core/Src/main.o
                0x20000530                hdma_adc1
 .bss.hadc1     0x20000574       0x30 ./Core/Src/main.o
                0x20000574                hadc1
 .bss.RX_data   0x200005a4        0x2 ./Core/Src/myBQ76942_I2C.o
                0x200005a4                RX_data
 .bss.BufRXChar
                0x200005a6        0x1 ./Core/Src/myUART.o
                0x200005a6                BufRXChar
 .bss.BufRxUart
                0x200005a7       0x14 ./Core/Src/myUART.o
                0x200005a7                BufRxUart
 .bss.BufTxUart
                0x200005bb        0xa ./Core/Src/myUART.o
                0x200005bb                BufTxUart
 *fill*         0x200005c5        0x3 
 .bss.__sbrk_heap_end
                0x200005c8        0x4 ./Core/Src/sysmem.o
 .bss.uwTick    0x200005cc        0x4 ./Drivers/STM32F1xx_HAL_Driver/Src/stm32f1xx_hal.o
                0x200005cc                uwTick
 .bss.__sf      0x200005d0      0x138 C:/ST/STM32CubeIDE_1.17.0/STM32CubeIDE/plugins/com.st.stm32cube.ide.mcu.externaltools.gnu-tools-for-stm32.12.3.rel1.win32_1.1.0.202410251130/tools/bin/../lib/gcc/arm-none-eabi/12.3.1/../../../../arm-none-eabi/lib/thumb/v7-m/nofp\libc_nano.a(libc_a-findfp.o)
                0x200005d0                __sf
 .bss.errno     0x20000708        0x4 C:/ST/STM32CubeIDE_1.17.0/STM32CubeIDE/plugins/com.st.stm32cube.ide.mcu.externaltools.gnu-tools-for-stm32.12.3.rel1.win32_1.1.0.202410251130/tools/bin/../lib/gcc/arm-none-eabi/12.3.1/../../../../arm-none-eabi/lib/thumb/v7-m/nofp\libc_nano.a(libc_a-reent.o)
                0x20000708                errno
 .bss.__lock___malloc_recursive_mutex
                0x2000070c        0x1 C:/ST/STM32CubeIDE_1.17.0/STM32CubeIDE/plugins/com.st.stm32cube.ide.mcu.externaltools.gnu-tools-for-stm32.12.3.rel1.win32_1.1.0.202410251130/tools/bin/../lib/gcc/arm-none-eabi/12.3.1/../../../../arm-none-eabi/lib/thumb/v7-m/nofp\libc_nano.a(libc_a-lock.o)
                0x2000070c                __lock___malloc_recursive_mutex
 *fill*         0x2000070d        0x3 
 .bss.__malloc_sbrk_start
                0x20000710        0x4 C:/ST/STM32CubeIDE_1.17.0/STM32CubeIDE/plugins/com.st.stm32cube.ide.mcu.externaltools.gnu-tools-for-stm32.12.3.rel1.win32_1.1.0.202410251130/tools/bin/../lib/gcc/arm-none-eabi/12.3.1/../../../../arm-none-eabi/lib/thumb/v7-m/nofp\libc_nano.a(libc_a-mallocr.o)
                0x20000710                __malloc_sbrk_start
 .bss.__malloc_free_list
                0x20000714        0x4 C:/ST/STM32CubeIDE_1.17.0/STM32CubeIDE/plugins/com.st.stm32cube.ide.mcu.externaltools.gnu-tools-for-stm32.12.3.rel1.win32_1.1.0.202410251130/tools/bin/../lib/gcc/arm-none-eabi/12.3.1/../../../../arm-none-eabi/lib/thumb/v7-m/nofp\libc_nano.a(libc_a-mallocr.o)
                0x20000714                __malloc_free_list
 *(COMMON)
                0x20000718                        . = ALIGN (0x4)
                0x20000718                        _ebss = .
                0x20000718                        __bss_end__ = _ebss

._user_heap_stack
                0x20000718      0x600 load address 0x080074ec
                0x20000718                        . = ALIGN (0x8)
                [!provide]                        PROVIDE (end = .)
                0x20000718                        PROVIDE (_end = .)
                0x20000918                        . = (. + _Min_Heap_Size)
 *fill*         0x20000718      0x200 
                0x20000d18                        . = (. + _Min_Stack_Size)
 *fill*         0x20000918      0x400 
                0x20000d18                        . = ALIGN (0x8)

/DISCARD/
 libc.a(*)
 libm.a(*)
 libgcc.a(*)

.ARM.attributes
                0x00000000       0x29
 *(.ARM.attributes)
 .ARM.attributes
                0x00000000       0x1d C:/ST/STM32CubeIDE_1.17.0/STM32CubeIDE/plugins/com.st.stm32cube.ide.mcu.externaltools.gnu-tools-for-stm32.12.3.rel1.win32_1.1.0.202410251130/tools/bin/../lib/gcc/arm-none-eabi/12.3.1/thumb/v7-m/nofp/crti.o
 .ARM.attributes
                0x0000001d       0x2d C:/ST/STM32CubeIDE_1.17.0/STM32CubeIDE/plugins/com.st.stm32cube.ide.mcu.externaltools.gnu-tools-for-stm32.12.3.rel1.win32_1.1.0.202410251130/tools/bin/../lib/gcc/arm-none-eabi/12.3.1/thumb/v7-m/nofp/crtbegin.o
 .ARM.attributes
                0x0000004a       0x2d ./Core/Src/_BMS.o
 .ARM.attributes
                0x00000077       0x2d ./Core/Src/_Battery.o
 .ARM.attributes
                0x000000a4       0x2d ./Core/Src/_CellBalancing.o
 .ARM.attributes
                0x000000d1       0x2d ./Core/Src/_Fan.o
 .ARM.attributes
                0x000000fe       0x2d ./Core/Src/_HMI.o
 .ARM.attributes
                0x0000012b       0x2d ./Core/Src/_NumberofCharge.o
 .ARM.attributes
                0x00000158       0x2d ./Core/Src/_Speaker.o
 .ARM.attributes
                0x00000185       0x2d ./Core/Src/_SystemState.o
 .ARM.attributes
                0x000001b2       0x2d ./Core/Src/_controller.o
 .ARM.attributes
                0x000001df       0x2d ./Core/Src/globalDefine.o
 .ARM.attributes
                0x0000020c       0x2d ./Core/Src/main.o
 .ARM.attributes
                0x00000239       0x2d ./Core/Src/myADC.o
 .ARM.attributes
                0x00000266       0x2d ./Core/Src/myBQ76942_I2C.o
 .ARM.attributes
                0x00000293       0x2d ./Core/Src/myI2CLCD.o
 .ARM.attributes
                0x000002c0       0x2d ./Core/Src/myPWM.o
 .ARM.attributes
                0x000002ed       0x2d ./Core/Src/myUART.o
 .ARM.attributes
                0x0000031a       0x2d ./Core/Src/stm32f1xx_hal_msp.o
 .ARM.attributes
                0x00000347       0x2d ./Core/Src/stm32f1xx_it.o
 .ARM.attributes
                0x00000374       0x2d ./Core/Src/sysmem.o
 .ARM.attributes
                0x000003a1       0x2d ./Core/Src/system_stm32f1xx.o
 .ARM.attributes
                0x000003ce       0x21 ./Core/Startup/startup_stm32f103c8tx.o
 .ARM.attributes
                0x000003ef       0x2d ./Drivers/STM32F1xx_HAL_Driver/Src/stm32f1xx_hal.o
 .ARM.attributes
                0x0000041c       0x2d ./Drivers/STM32F1xx_HAL_Driver/Src/stm32f1xx_hal_adc.o
 .ARM.attributes
                0x00000449       0x2d ./Drivers/STM32F1xx_HAL_Driver/Src/stm32f1xx_hal_adc_ex.o
 .ARM.attributes
                0x00000476       0x2d ./Drivers/STM32F1xx_HAL_Driver/Src/stm32f1xx_hal_cortex.o
 .ARM.attributes
                0x000004a3       0x2d ./Drivers/STM32F1xx_HAL_Driver/Src/stm32f1xx_hal_dma.o
 .ARM.attributes
                0x000004d0       0x2d ./Drivers/STM32F1xx_HAL_Driver/Src/stm32f1xx_hal_gpio.o
 .ARM.attributes
                0x000004fd       0x2d ./Drivers/STM32F1xx_HAL_Driver/Src/stm32f1xx_hal_i2c.o
 .ARM.attributes
                0x0000052a       0x2d ./Drivers/STM32F1xx_HAL_Driver/Src/stm32f1xx_hal_rcc.o
 .ARM.attributes
                0x00000557       0x2d ./Drivers/STM32F1xx_HAL_Driver/Src/stm32f1xx_hal_rcc_ex.o
 .ARM.attributes
                0x00000584       0x2d ./Drivers/STM32F1xx_HAL_Driver/Src/stm32f1xx_hal_tim.o
 .ARM.attributes
                0x000005b1       0x2d ./Drivers/STM32F1xx_HAL_Driver/Src/stm32f1xx_hal_tim_ex.o
 .ARM.attributes
                0x000005de       0x2d ./Drivers/STM32F1xx_HAL_Driver/Src/stm32f1xx_hal_uart.o
 .ARM.attributes
                0x0000060b       0x2d C:/ST/STM32CubeIDE_1.17.0/STM32CubeIDE/plugins/com.st.stm32cube.ide.mcu.externaltools.gnu-tools-for-stm32.12.3.rel1.win32_1.1.0.202410251130/tools/bin/../lib/gcc/arm-none-eabi/12.3.1/../../../../arm-none-eabi/lib/thumb/v7-m/nofp\libc_nano.a(libc_a-findfp.o)
 .ARM.attributes
                0x00000638       0x2d C:/ST/STM32CubeIDE_1.17.0/STM32CubeIDE/plugins/com.st.stm32cube.ide.mcu.externaltools.gnu-tools-for-stm32.12.3.rel1.win32_1.1.0.202410251130/tools/bin/../lib/gcc/arm-none-eabi/12.3.1/../../../../arm-none-eabi/lib/thumb/v7-m/nofp\libc_nano.a(libc_a-snprintf.o)
 .ARM.attributes
                0x00000665       0x2d C:/ST/STM32CubeIDE_1.17.0/STM32CubeIDE/plugins/com.st.stm32cube.ide.mcu.externaltools.gnu-tools-for-stm32.12.3.rel1.win32_1.1.0.202410251130/tools/bin/../lib/gcc/arm-none-eabi/12.3.1/../../../../arm-none-eabi/lib/thumb/v7-m/nofp\libc_nano.a(libc_a-sscanf.o)
 .ARM.attributes
                0x00000692       0x2d C:/ST/STM32CubeIDE_1.17.0/STM32CubeIDE/plugins/com.st.stm32cube.ide.mcu.externaltools.gnu-tools-for-stm32.12.3.rel1.win32_1.1.0.202410251130/tools/bin/../lib/gcc/arm-none-eabi/12.3.1/../../../../arm-none-eabi/lib/thumb/v7-m/nofp\libc_nano.a(libc_a-stdio.o)
 .ARM.attributes
                0x000006bf       0x2d C:/ST/STM32CubeIDE_1.17.0/STM32CubeIDE/plugins/com.st.stm32cube.ide.mcu.externaltools.gnu-tools-for-stm32.12.3.rel1.win32_1.1.0.202410251130/tools/bin/../lib/gcc/arm-none-eabi/12.3.1/../../../../arm-none-eabi/lib/thumb/v7-m/nofp\libc_nano.a(libc_a-memset.o)
 .ARM.attributes
                0x000006ec       0x2d C:/ST/STM32CubeIDE_1.17.0/STM32CubeIDE/plugins/com.st.stm32cube.ide.mcu.externaltools.gnu-tools-for-stm32.12.3.rel1.win32_1.1.0.202410251130/tools/bin/../lib/gcc/arm-none-eabi/12.3.1/../../../../arm-none-eabi/lib/thumb/v7-m/nofp\libc_nano.a(libc_a-reent.o)
 .ARM.attributes
                0x00000719       0x2d C:/ST/STM32CubeIDE_1.17.0/STM32CubeIDE/plugins/com.st.stm32cube.ide.mcu.externaltools.gnu-tools-for-stm32.12.3.rel1.win32_1.1.0.202410251130/tools/bin/../lib/gcc/arm-none-eabi/12.3.1/../../../../arm-none-eabi/lib/thumb/v7-m/nofp\libc_nano.a(libc_a-impure.o)
 .ARM.attributes
                0x00000746       0x2d C:/ST/STM32CubeIDE_1.17.0/STM32CubeIDE/plugins/com.st.stm32cube.ide.mcu.externaltools.gnu-tools-for-stm32.12.3.rel1.win32_1.1.0.202410251130/tools/bin/../lib/gcc/arm-none-eabi/12.3.1/../../../../arm-none-eabi/lib/thumb/v7-m/nofp\libc_nano.a(libc_a-errno.o)
 .ARM.attributes
                0x00000773       0x2d C:/ST/STM32CubeIDE_1.17.0/STM32CubeIDE/plugins/com.st.stm32cube.ide.mcu.externaltools.gnu-tools-for-stm32.12.3.rel1.win32_1.1.0.202410251130/tools/bin/../lib/gcc/arm-none-eabi/12.3.1/../../../../arm-none-eabi/lib/thumb/v7-m/nofp\libc_nano.a(libc_a-init.o)
 .ARM.attributes
                0x000007a0       0x2d C:/ST/STM32CubeIDE_1.17.0/STM32CubeIDE/plugins/com.st.stm32cube.ide.mcu.externaltools.gnu-tools-for-stm32.12.3.rel1.win32_1.1.0.202410251130/tools/bin/../lib/gcc/arm-none-eabi/12.3.1/../../../../arm-none-eabi/lib/thumb/v7-m/nofp\libc_nano.a(libc_a-lock.o)
 .ARM.attributes
                0x000007cd       0x2d C:/ST/STM32CubeIDE_1.17.0/STM32CubeIDE/plugins/com.st.stm32cube.ide.mcu.externaltools.gnu-tools-for-stm32.12.3.rel1.win32_1.1.0.202410251130/tools/bin/../lib/gcc/arm-none-eabi/12.3.1/../../../../arm-none-eabi/lib/thumb/v7-m/nofp\libc_nano.a(libc_a-strcpy.o)
 .ARM.attributes
                0x000007fa       0x2d C:/ST/STM32CubeIDE_1.17.0/STM32CubeIDE/plugins/com.st.stm32cube.ide.mcu.externaltools.gnu-tools-for-stm32.12.3.rel1.win32_1.1.0.202410251130/tools/bin/../lib/gcc/arm-none-eabi/12.3.1/../../../../arm-none-eabi/lib/thumb/v7-m/nofp\libc_nano.a(libc_a-memcpy-stub.o)
 .ARM.attributes
                0x00000827       0x17 C:/ST/STM32CubeIDE_1.17.0/STM32CubeIDE/plugins/com.st.stm32cube.ide.mcu.externaltools.gnu-tools-for-stm32.12.3.rel1.win32_1.1.0.202410251130/tools/bin/../lib/gcc/arm-none-eabi/12.3.1/../../../../arm-none-eabi/lib/thumb/v7-m/nofp\libc_nano.a(libc_a-strlen.o)
 .ARM.attributes
                0x0000083e       0x2d C:/ST/STM32CubeIDE_1.17.0/STM32CubeIDE/plugins/com.st.stm32cube.ide.mcu.externaltools.gnu-tools-for-stm32.12.3.rel1.win32_1.1.0.202410251130/tools/bin/../lib/gcc/arm-none-eabi/12.3.1/../../../../arm-none-eabi/lib/thumb/v7-m/nofp\libc_nano.a(libc_a-freer.o)
 .ARM.attributes
                0x0000086b       0x2d C:/ST/STM32CubeIDE_1.17.0/STM32CubeIDE/plugins/com.st.stm32cube.ide.mcu.externaltools.gnu-tools-for-stm32.12.3.rel1.win32_1.1.0.202410251130/tools/bin/../lib/gcc/arm-none-eabi/12.3.1/../../../../arm-none-eabi/lib/thumb/v7-m/nofp\libc_nano.a(libc_a-mallocr.o)
 .ARM.attributes
                0x00000898       0x2d C:/ST/STM32CubeIDE_1.17.0/STM32CubeIDE/plugins/com.st.stm32cube.ide.mcu.externaltools.gnu-tools-for-stm32.12.3.rel1.win32_1.1.0.202410251130/tools/bin/../lib/gcc/arm-none-eabi/12.3.1/../../../../arm-none-eabi/lib/thumb/v7-m/nofp\libc_nano.a(libc_a-mlock.o)
 .ARM.attributes
                0x000008c5       0x2d C:/ST/STM32CubeIDE_1.17.0/STM32CubeIDE/plugins/com.st.stm32cube.ide.mcu.externaltools.gnu-tools-for-stm32.12.3.rel1.win32_1.1.0.202410251130/tools/bin/../lib/gcc/arm-none-eabi/12.3.1/../../../../arm-none-eabi/lib/thumb/v7-m/nofp\libc_nano.a(libc_a-nano-svfprintf.o)
 .ARM.attributes
                0x000008f2       0x2d C:/ST/STM32CubeIDE_1.17.0/STM32CubeIDE/plugins/com.st.stm32cube.ide.mcu.externaltools.gnu-tools-for-stm32.12.3.rel1.win32_1.1.0.202410251130/tools/bin/../lib/gcc/arm-none-eabi/12.3.1/../../../../arm-none-eabi/lib/thumb/v7-m/nofp\libc_nano.a(libc_a-nano-svfscanf.o)
 .ARM.attributes
                0x0000091f       0x2d C:/ST/STM32CubeIDE_1.17.0/STM32CubeIDE/plugins/com.st.stm32cube.ide.mcu.externaltools.gnu-tools-for-stm32.12.3.rel1.win32_1.1.0.202410251130/tools/bin/../lib/gcc/arm-none-eabi/12.3.1/../../../../arm-none-eabi/lib/thumb/v7-m/nofp\libc_nano.a(libc_a-nano-vfprintf_i.o)
 .ARM.attributes
                0x0000094c       0x2d C:/ST/STM32CubeIDE_1.17.0/STM32CubeIDE/plugins/com.st.stm32cube.ide.mcu.externaltools.gnu-tools-for-stm32.12.3.rel1.win32_1.1.0.202410251130/tools/bin/../lib/gcc/arm-none-eabi/12.3.1/../../../../arm-none-eabi/lib/thumb/v7-m/nofp\libc_nano.a(libc_a-nano-vfscanf_i.o)
 .ARM.attributes
                0x00000979       0x2d C:/ST/STM32CubeIDE_1.17.0/STM32CubeIDE/plugins/com.st.stm32cube.ide.mcu.externaltools.gnu-tools-for-stm32.12.3.rel1.win32_1.1.0.202410251130/tools/bin/../lib/gcc/arm-none-eabi/12.3.1/../../../../arm-none-eabi/lib/thumb/v7-m/nofp\libc_nano.a(libc_a-sccl.o)
 .ARM.attributes
                0x000009a6       0x2d C:/ST/STM32CubeIDE_1.17.0/STM32CubeIDE/plugins/com.st.stm32cube.ide.mcu.externaltools.gnu-tools-for-stm32.12.3.rel1.win32_1.1.0.202410251130/tools/bin/../lib/gcc/arm-none-eabi/12.3.1/../../../../arm-none-eabi/lib/thumb/v7-m/nofp\libc_nano.a(libc_a-ungetc.o)
 .ARM.attributes
                0x000009d3       0x2d C:/ST/STM32CubeIDE_1.17.0/STM32CubeIDE/plugins/com.st.stm32cube.ide.mcu.externaltools.gnu-tools-for-stm32.12.3.rel1.win32_1.1.0.202410251130/tools/bin/../lib/gcc/arm-none-eabi/12.3.1/../../../../arm-none-eabi/lib/thumb/v7-m/nofp\libc_nano.a(libc_a-memmove.o)
 .ARM.attributes
                0x00000a00       0x2d C:/ST/STM32CubeIDE_1.17.0/STM32CubeIDE/plugins/com.st.stm32cube.ide.mcu.externaltools.gnu-tools-for-stm32.12.3.rel1.win32_1.1.0.202410251130/tools/bin/../lib/gcc/arm-none-eabi/12.3.1/../../../../arm-none-eabi/lib/thumb/v7-m/nofp\libc_nano.a(libc_a-sbrkr.o)
 .ARM.attributes
                0x00000a2d       0x2d C:/ST/STM32CubeIDE_1.17.0/STM32CubeIDE/plugins/com.st.stm32cube.ide.mcu.externaltools.gnu-tools-for-stm32.12.3.rel1.win32_1.1.0.202410251130/tools/bin/../lib/gcc/arm-none-eabi/12.3.1/../../../../arm-none-eabi/lib/thumb/v7-m/nofp\libc_nano.a(libc_a-memchr-stub.o)
 .ARM.attributes
                0x00000a5a       0x2d C:/ST/STM32CubeIDE_1.17.0/STM32CubeIDE/plugins/com.st.stm32cube.ide.mcu.externaltools.gnu-tools-for-stm32.12.3.rel1.win32_1.1.0.202410251130/tools/bin/../lib/gcc/arm-none-eabi/12.3.1/../../../../arm-none-eabi/lib/thumb/v7-m/nofp\libc_nano.a(libc_a-reallocr.o)
 .ARM.attributes
                0x00000a87       0x2d C:/ST/STM32CubeIDE_1.17.0/STM32CubeIDE/plugins/com.st.stm32cube.ide.mcu.externaltools.gnu-tools-for-stm32.12.3.rel1.win32_1.1.0.202410251130/tools/bin/../lib/gcc/arm-none-eabi/12.3.1/../../../../arm-none-eabi/lib/thumb/v7-m/nofp\libc_nano.a(libc_a-strtol.o)
 .ARM.attributes
                0x00000ab4       0x2d C:/ST/STM32CubeIDE_1.17.0/STM32CubeIDE/plugins/com.st.stm32cube.ide.mcu.externaltools.gnu-tools-for-stm32.12.3.rel1.win32_1.1.0.202410251130/tools/bin/../lib/gcc/arm-none-eabi/12.3.1/../../../../arm-none-eabi/lib/thumb/v7-m/nofp\libc_nano.a(libc_a-strtoul.o)
 .ARM.attributes
                0x00000ae1       0x2d C:/ST/STM32CubeIDE_1.17.0/STM32CubeIDE/plugins/com.st.stm32cube.ide.mcu.externaltools.gnu-tools-for-stm32.12.3.rel1.win32_1.1.0.202410251130/tools/bin/../lib/gcc/arm-none-eabi/12.3.1/../../../../arm-none-eabi/lib/thumb/v7-m/nofp\libc_nano.a(libc_a-ctype_.o)
 .ARM.attributes
                0x00000b0e       0x2d C:/ST/STM32CubeIDE_1.17.0/STM32CubeIDE/plugins/com.st.stm32cube.ide.mcu.externaltools.gnu-tools-for-stm32.12.3.rel1.win32_1.1.0.202410251130/tools/bin/../lib/gcc/arm-none-eabi/12.3.1/../../../../arm-none-eabi/lib/thumb/v7-m/nofp\libc_nano.a(libc_a-msizer.o)
 .ARM.attributes
                0x00000b3b       0x1d C:/ST/STM32CubeIDE_1.17.0/STM32CubeIDE/plugins/com.st.stm32cube.ide.mcu.externaltools.gnu-tools-for-stm32.12.3.rel1.win32_1.1.0.202410251130/tools/bin/../lib/gcc/arm-none-eabi/12.3.1/thumb/v7-m/nofp\libgcc.a(_arm_addsubdf3.o)
 .ARM.attributes
                0x00000b58       0x1d C:/ST/STM32CubeIDE_1.17.0/STM32CubeIDE/plugins/com.st.stm32cube.ide.mcu.externaltools.gnu-tools-for-stm32.12.3.rel1.win32_1.1.0.202410251130/tools/bin/../lib/gcc/arm-none-eabi/12.3.1/thumb/v7-m/nofp\libgcc.a(_arm_muldivdf3.o)
 .ARM.attributes
                0x00000b75       0x1d C:/ST/STM32CubeIDE_1.17.0/STM32CubeIDE/plugins/com.st.stm32cube.ide.mcu.externaltools.gnu-tools-for-stm32.12.3.rel1.win32_1.1.0.202410251130/tools/bin/../lib/gcc/arm-none-eabi/12.3.1/thumb/v7-m/nofp\libgcc.a(_arm_fixdfsi.o)
 .ARM.attributes
                0x00000b92       0x1d C:/ST/STM32CubeIDE_1.17.0/STM32CubeIDE/plugins/com.st.stm32cube.ide.mcu.externaltools.gnu-tools-for-stm32.12.3.rel1.win32_1.1.0.202410251130/tools/bin/../lib/gcc/arm-none-eabi/12.3.1/thumb/v7-m/nofp\libgcc.a(_arm_truncdfsf2.o)
 .ARM.attributes
                0x00000baf       0x1d C:/ST/STM32CubeIDE_1.17.0/STM32CubeIDE/plugins/com.st.stm32cube.ide.mcu.externaltools.gnu-tools-for-stm32.12.3.rel1.win32_1.1.0.202410251130/tools/bin/../lib/gcc/arm-none-eabi/12.3.1/thumb/v7-m/nofp\libgcc.a(_arm_addsubsf3.o)
 .ARM.attributes
                0x00000bcc       0x1d C:/ST/STM32CubeIDE_1.17.0/STM32CubeIDE/plugins/com.st.stm32cube.ide.mcu.externaltools.gnu-tools-for-stm32.12.3.rel1.win32_1.1.0.202410251130/tools/bin/../lib/gcc/arm-none-eabi/12.3.1/thumb/v7-m/nofp\libgcc.a(_arm_muldivsf3.o)
 .ARM.attributes
                0x00000be9       0x1d C:/ST/STM32CubeIDE_1.17.0/STM32CubeIDE/plugins/com.st.stm32cube.ide.mcu.externaltools.gnu-tools-for-stm32.12.3.rel1.win32_1.1.0.202410251130/tools/bin/../lib/gcc/arm-none-eabi/12.3.1/thumb/v7-m/nofp\libgcc.a(_arm_cmpsf2.o)
 .ARM.attributes
                0x00000c06       0x1d C:/ST/STM32CubeIDE_1.17.0/STM32CubeIDE/plugins/com.st.stm32cube.ide.mcu.externaltools.gnu-tools-for-stm32.12.3.rel1.win32_1.1.0.202410251130/tools/bin/../lib/gcc/arm-none-eabi/12.3.1/thumb/v7-m/nofp\libgcc.a(_arm_fixunssfsi.o)
 .ARM.attributes
                0x00000c23       0x1d C:/ST/STM32CubeIDE_1.17.0/STM32CubeIDE/plugins/com.st.stm32cube.ide.mcu.externaltools.gnu-tools-for-stm32.12.3.rel1.win32_1.1.0.202410251130/tools/bin/../lib/gcc/arm-none-eabi/12.3.1/thumb/v7-m/nofp/crtn.o
OUTPUT(Octopus_CompletedCode_v250411.elf elf32-littlearm)
LOAD linker stubs
LOAD C:/ST/STM32CubeIDE_1.17.0/STM32CubeIDE/plugins/com.st.stm32cube.ide.mcu.externaltools.gnu-tools-for-stm32.12.3.rel1.win32_1.1.0.202410251130/tools/bin/../lib/gcc/arm-none-eabi/12.3.1/../../../../arm-none-eabi/lib/thumb/v7-m/nofp\libc.a
LOAD C:/ST/STM32CubeIDE_1.17.0/STM32CubeIDE/plugins/com.st.stm32cube.ide.mcu.externaltools.gnu-tools-for-stm32.12.3.rel1.win32_1.1.0.202410251130/tools/bin/../lib/gcc/arm-none-eabi/12.3.1/../../../../arm-none-eabi/lib/thumb/v7-m/nofp\libm.a
LOAD C:/ST/STM32CubeIDE_1.17.0/STM32CubeIDE/plugins/com.st.stm32cube.ide.mcu.externaltools.gnu-tools-for-stm32.12.3.rel1.win32_1.1.0.202410251130/tools/bin/../lib/gcc/arm-none-eabi/12.3.1/thumb/v7-m/nofp\libgcc.a

.comment        0x00000000       0x43
 .comment       0x00000000       0x43 ./Core/Src/_BMS.o
                                 0x44 (size before relaxing)
 .comment       0x00000043       0x44 ./Core/Src/_Battery.o
 .comment       0x00000043       0x44 ./Core/Src/_CellBalancing.o
 .comment       0x00000043       0x44 ./Core/Src/_Fan.o
 .comment       0x00000043       0x44 ./Core/Src/_HMI.o
 .comment       0x00000043       0x44 ./Core/Src/_NumberofCharge.o
 .comment       0x00000043       0x44 ./Core/Src/_Speaker.o
 .comment       0x00000043       0x44 ./Core/Src/_SystemState.o
 .comment       0x00000043       0x44 ./Core/Src/_controller.o
 .comment       0x00000043       0x44 ./Core/Src/globalDefine.o
 .comment       0x00000043       0x44 ./Core/Src/main.o
 .comment       0x00000043       0x44 ./Core/Src/myADC.o
 .comment       0x00000043       0x44 ./Core/Src/myBQ76942_I2C.o
 .comment       0x00000043       0x44 ./Core/Src/myI2CLCD.o
 .comment       0x00000043       0x44 ./Core/Src/myPWM.o
 .comment       0x00000043       0x44 ./Core/Src/myUART.o
 .comment       0x00000043       0x44 ./Core/Src/stm32f1xx_hal_msp.o
 .comment       0x00000043       0x44 ./Core/Src/stm32f1xx_it.o